jconj	来る	とき	来るとき
jconj	来る	ない	来ない
jconj	来る	なかった	来なかった
jconj	来る	ます	来ます
jconj	来る	ますか	来ますか
jconj	来る	ません	来ません
jconj	来る	た	来た
jconj	来る	たら	来たら
jconj	来る	て	来て
jconj	来る	ている	来ている
jconj	来る	ば	来れば
jconj	来る	れば	来れば
jconj	来る	れる	来れる
jconj	来る	れない	来れない
jconj	来る	える	来える
jconj	来る	えない	来えない
jconj	来る	う	来う
jcan	来る	-	来れる
jcannot	来る	-	来れない
jpast	来る	-	来た
jconj_adj	来る	-	来る
jconj	する	とき	するとき
jconj	する	ない	しない
jconj	する	なかった	しなかった
jconj	する	ます	します
jconj	する	ますか	しますか
jconj	する	ません	しません
jconj	する	た	した
jconj	する	たら	したら
jconj	する	て	して
jconj	する	ている	している
jconj	する	ば	すれば
jconj	する	れば	すれば
jconj	する	れる	する
jconj	する	れない	する
jconj	する	える	する
jconj	する	えない	する
jconj	する	う	する
jcan	する	-	できる
jcannot	する	-	できない
jpast	する	-	した
jconj_adj	する	-	する
jconj	食べる	とき	食べるとき
jconj	食べる	ない	食べない
jconj	食べる	なかった	食べなかった
jconj	食べる	ます	食べます
jconj	食べる	ますか	食べますか
jconj	食べる	ません	食べません
jconj	食べる	た	食べた
jconj	食べる	たら	食べたら
jconj	食べる	て	食べて
jconj	食べる	ている	食べている
jconj	食べる	ば	食べれば
jconj	食べる	れば	食べられば
jconj	食べる	れる	食べられる
jconj	食べる	れない	食べられない
jconj	食べる	える	食べえる
jconj	食べる	えない	食べえない
jconj	食べる	う	食べう
jcan	食べる	-	食べられる
jcannot	食べる	-	食べられない
jpast	食べる	-	食べた
jconj_adj	食べる	-	食べる
jconj	読む	とき	読むとき
jconj	読む	ない	読まない
jconj	読む	なかった	読まなかった
jconj	読む	ます	読みます
jconj	読む	ますか	読みますか
jconj	読む	ません	読みません
jconj	読む	た	読んだ
jconj	読む	たら	読んだら
jconj	読む	て	読んで
jconj	読む	ている	読んでいる
jconj	読む	ば	読めば
jconj	読む	れば	読めば
jconj	読む	れる	読める
jconj	読む	れない	読めない
jconj	読む	える	読む
jconj	読む	えない	読む
jconj	読む	う	読む
jcan	読む	-	読める
jcannot	読む	-	読めない
jpast	読む	-	読んだ
jconj_adj	読む	-	読む
jconj	脱ぐ	とき	脱ぐとき
jconj	脱ぐ	ない	脱がない
jconj	脱ぐ	なかった	脱がなかった
jconj	脱ぐ	ます	脱ぎます
jconj	脱ぐ	ますか	脱ぎますか
jconj	脱ぐ	ません	脱ぎません
jconj	脱ぐ	た	脱いだ
jconj	脱ぐ	たら	脱いだら
jconj	脱ぐ	て	脱いで
jconj	脱ぐ	ている	脱いでいる
jconj	脱ぐ	ば	脱げば
jconj	脱ぐ	れば	脱げば
jconj	脱ぐ	れる	脱げる
jconj	脱ぐ	れない	脱げない
jconj	脱ぐ	える	脱ぐ
jconj	脱ぐ	えない	脱ぐ
jconj	脱ぐ	う	脱ぐ
jcan	脱ぐ	-	脱げる
jcannot	脱ぐ	-	脱げない
jpast	脱ぐ	-	脱いだ
jconj_adj	脱ぐ	-	脱ぐ
jconj	着る	とき	着るとき
jconj	着る	ない	着ない
jconj	着る	なかった	着なかった
jconj	着る	ます	着ます
jconj	着る	ますか	着ますか
jconj	着る	ません	着ません
jconj	着る	た	着た
jconj	着る	たら	着たら
jconj	着る	て	着て
jconj	着る	ている	着ている
jconj	着る	ば	着れば
jconj	着る	れば	着れば
jconj	着る	れる	着れる
jconj	着る	れない	着れない
jconj	着る	える	着える
jconj	着る	えない	着えない
jconj	着る	う	着う
jcan	着る	-	着れる
jcannot	着る	-	着れない
jpast	着る	-	着た
jconj_adj	着る	-	着る
jconj	身につける	とき	身につけるとき
jconj	身につける	ない	身につけない
jconj	身につける	なかった	身につけなかった
jconj	身につける	ます	身につけます
jconj	身につける	ますか	身につけますか
jconj	身につける	ません	身につけません
jconj	身につける	た	身につけた
jconj	身につける	たら	身につけたら
jconj	身につける	て	身につけて
jconj	身につける	ている	身につけている
jconj	身につける	ば	身につければ
jconj	身につける	れば	身につけられば
jconj	身につける	れる	身につけられる
jconj	身につける	れない	身につけられない
jconj	身につける	える	身につけえる
jconj	身につける	えない	身につけえない
jconj	身につける	う	身につけう
jcan	身につける	-	身につけられる
jcannot	身につける	-	身につけられない
jpast	身につける	-	身につけた
jconj_adj	身につける	-	身につける
jconj	はずす	とき	はずすとき
jconj	はずす	ない	はずさない
jconj	はずす	なかった	はずさなかった
jconj	はずす	ます	はずします
jconj	はずす	ますか	はずしますか
jconj	はずす	ません	はずしません
jconj	はずす	た	はずした
jconj	はずす	たら	はずしたら
jconj	はずす	て	はずして
jconj	はずす	ている	はずしている
jconj	はずす	ば	はずせば
jconj	はずす	れば	はずせば
jconj	はずす	れる	はずせる
jconj	はずす	れない	はずせない
jconj	はずす	える	はずす
jconj	はずす	えない	はずす
jconj	はずす	う	はずす
jcan	はずす	-	はずせる
jcannot	はずす	-	はずせない
jpast	はずす	-	はずした
jconj_adj	はずす	-	はずす
jconj	外す	とき	外すとき
jconj	外す	ない	外さない
jconj	外す	なかった	外さなかった
jconj	外す	ます	外します
jconj	外す	ますか	外しますか
jconj	外す	ません	外しません
jconj	外す	た	外した
jconj	外す	たら	外したら
jconj	外す	て	外して
jconj	外す	ている	外している
jconj	外す	ば	外せば
jconj	外す	れば	外せば
jconj	外す	れる	外せる
jconj	外す	れない	外せない
jconj	外す	える	外す
jconj	外す	えない	外す
jconj	外す	う	外す
jcan	外す	-	外せる
jcannot	外す	-	外せない
jpast	外す	-	外した
jconj_adj	外す	-	外す
jconj	捧げる	とき	捧げるとき
jconj	捧げる	ない	捧げない
jconj	捧げる	なかった	捧げなかった
jconj	捧げる	ます	捧げます
jconj	捧げる	ますか	捧げますか
jconj	捧げる	ません	捧げません
jconj	捧げる	た	捧げた
jconj	捧げる	たら	捧げたら
jconj	捧げる	て	捧げて
jconj	捧げる	ている	捧げている
jconj	捧げる	ば	捧げれば
jconj	捧げる	れば	捧げられば
jconj	捧げる	れる	捧げられる
jconj	捧げる	れない	捧げられない
jconj	捧げる	える	捧げえる
jconj	捧げる	えない	捧げえない
jconj	捧げる	う	捧げう
jcan	捧げる	-	捧げられる
jcannot	捧げる	-	捧げられない
jpast	捧げる	-	捧げた
jconj_adj	捧げる	-	捧げる
jconj	書く	とき	書くとき
jconj	書く	ない	書かない
jconj	書く	なかった	書かなかった
jconj	書く	ます	書きます
jconj	書く	ますか	書きますか
jconj	書く	ません	書きません
jconj	書く	た	書いた
jconj	書く	たら	書いたら
jconj	書く	て	書いて
jconj	書く	ている	書いている
jconj	書く	ば	書けば
jconj	書く	れば	書けば
jconj	書く	れる	書ける
jconj	書く	れない	書けない
jconj	書く	える	書く
jconj	書く	えない	書く
jconj	書く	う	書く
jcan	書く	-	書ける
jcannot	書く	-	書けない
jpast	書く	-	書いた
jconj_adj	書く	-	書く
jconj	こする	とき	こするとき
jconj	こする	ない	こすらない
jconj	こする	なかった	こすらなかった
jconj	こする	ます	こすります
jconj	こする	ますか	こすりますか
jconj	こする	ません	こすりません
jconj	こする	た	こすった
jconj	こする	たら	こすったら
jconj	こする	て	こすって
jconj	こする	ている	こすっている
jconj	こする	ば	こすれば
jconj	こする	れば	こすれば
jconj	こする	れる	こすれる
jconj	こする	れない	こすれない
jconj	こする	える	こする
jconj	こする	えない	こする
jconj	こする	う	こする
jcan	こする	-	こできる
jcannot	こする	-	こできない
jpast	こする	-	こすった
jconj_adj	こする	-	こする
jconj	投げる	とき	投げるとき
jconj	投げる	ない	投げない
jconj	投げる	なかった	投げなかった
jconj	投げる	ます	投げます
jconj	投げる	ますか	投げますか
jconj	投げる	ません	投げません
jconj	投げる	た	投げた
jconj	投げる	たら	投げたら
jconj	投げる	て	投げて
jconj	投げる	ている	投げている
jconj	投げる	ば	投げれば
jconj	投げる	れば	投げられば
jconj	投げる	れる	投げられる
jconj	投げる	れない	投げられない
jconj	投げる	える	投げえる
jconj	投げる	えない	投げえない
jconj	投げる	う	投げう
jcan	投げる	-	投げられる
jcannot	投げる	-	投げられない
jpast	投げる	-	投げた
jconj_adj	投げる	-	投げる
jconj	落す	とき	落すとき
jconj	落す	ない	落さない
jconj	落す	なかった	落さなかった
jconj	落す	ます	落します
jconj	落す	ますか	落しますか
jconj	落す	ません	落しません
jconj	落す	た	落した
jconj	落す	たら	落したら
jconj	落す	て	落して
jconj	落す	ている	落している
jconj	落す	ば	落せば
jconj	落す	れば	落せば
jconj	落す	れる	落せる
jconj	落す	れない	落せない
jconj	落す	える	落す
jconj	落す	えない	落す
jconj	落す	う	落す
jcan	落す	-	落せる
jcannot	落す	-	落せない
jpast	落す	-	落した
jconj_adj	落す	-	落す
jconj	置く	とき	置くとき
jconj	置く	ない	置かない
jconj	置く	なかった	置かなかった
jconj	置く	ます	置きます
jconj	置く	ますか	置きますか
jconj	置く	ません	置きません
jconj	置く	た	置いた
jconj	置く	たら	置いたら
jconj	置く	て	置いて
jconj	置く	ている	置いている
jconj	置く	ば	置けば
jconj	置く	れば	置けば
jconj	置く	れる	置ける
jconj	置く	れない	置けない
jconj	置く	える	置く
jconj	置く	えない	置く
jconj	置く	う	置く
jcan	置く	-	置ける
jcannot	置く	-	置けない
jpast	置く	-	置いた
jconj_adj	置く	-	置く
jconj	殺す	とき	殺すとき
jconj	殺す	ない	殺さない
jconj	殺す	なかった	殺さなかった
jconj	殺す	ます	殺します
jconj	殺す	ますか	殺しますか
jconj	殺す	ません	殺しません
jconj	殺す	た	殺した
jconj	殺す	たら	殺したら
jconj	殺す	て	殺して
jconj	殺す	ている	殺している
jconj	殺す	ば	殺せば
jconj	殺す	れば	殺せば
jconj	殺す	れる	殺せる
jconj	殺す	れない	殺せない
jconj	殺す	える	殺す
jconj	殺す	えない	殺す
jconj	殺す	う	殺す
jcan	殺す	-	殺せる
jcannot	殺す	-	殺せない
jpast	殺す	-	殺した
jconj_adj	殺す	-	殺す
jconj	死ぬ	とき	死ぬとき
jconj	死ぬ	ない	死なない
jconj	死ぬ	なかった	死ななかった
jconj	死ぬ	ます	死にます
jconj	死ぬ	ますか	死にますか
jconj	死ぬ	ません	死にません
jconj	死ぬ	た	死んだ
jconj	死ぬ	たら	死んだら
jconj	死ぬ	て	死んで
jconj	死ぬ	ている	死んでいる
jconj	死ぬ	ば	死ねば
jconj	死ぬ	れば	死ねば
jconj	死ぬ	れる	死ねる
jconj	死ぬ	れない	死ねない
jconj	死ぬ	える	死ぬ
jconj	死ぬ	えない	死ぬ
jconj	死ぬ	う	死ぬ
jcan	死ぬ	-	死ねる
jcannot	死ぬ	-	死ねない
jpast	死ぬ	-	死んだ
jconj_adj	死ぬ	-	死ぬ
jconj	落ちる	とき	落ちるとき
jconj	落ちる	ない	落ちない
jconj	落ちる	なかった	落ちなかった
jconj	落ちる	ます	落ちます
jconj	落ちる	ますか	落ちますか
jconj	落ちる	ません	落ちません
jconj	落ちる	た	落ちた
jconj	落ちる	たら	落ちたら
jconj	落ちる	て	落ちて
jconj	落ちる	ている	落ちている
jconj	落ちる	ば	落ちれば
jconj	落ちる	れば	落ちれば
jconj	落ちる	れる	落ちれる
jconj	落ちる	れない	落ちれない
jconj	落ちる	える	落ちえる
jconj	落ちる	えない	落ちえない
jconj	落ちる	う	落ちう
jcan	落ちる	-	落ちれる
jcannot	落ちる	-	落ちれない
jpast	落ちる	-	落ちた
jconj_adj	落ちる	-	落ちる
jconj	入れる	とき	入れるとき
jconj	入れる	ない	入れない
jconj	入れる	なかった	入れなかった
jconj	入れる	ます	入れます
jconj	入れる	ますか	入れますか
jconj	入れる	ません	入れません
jconj	入れる	た	入れた
jconj	入れる	たら	入れたら
jconj	入れる	て	入れて
jconj	入れる	ている	入れている
jconj	入れる	ば	入れれば
jconj	入れる	れば	入れられば
jconj	入れる	れる	入れられる
jconj	入れる	れない	入れられない
jconj	入れる	える	入れえる
jconj	入れる	えない	入れえない
jconj	入れる	う	入れう
jcan	入れる	-	入れられる
jcannot	入れる	-	入れられない
jpast	入れる	-	入れた
jconj_adj	入れる	-	入れる
jconj	いれる	とき	いれるとき
jconj	いれる	ない	いれない
jconj	いれる	なかった	いれなかった
jconj	いれる	ます	いれます
jconj	いれる	ますか	いれますか
jconj	いれる	ません	いれません
jconj	いれる	た	いれた
jconj	いれる	たら	いれたら
jconj	いれる	て	いれて
jconj	いれる	ている	いれている
jconj	いれる	ば	いれれば
jconj	いれる	れば	いれられば
jconj	いれる	れる	いれられる
jconj	いれる	れない	いれられない
jconj	いれる	える	いれえる
jconj	いれる	えない	いれえない
jconj	いれる	う	いれう
jcan	いれる	-	いれられる
jcannot	いれる	-	いれられない
jpast	いれる	-	いれた
jconj_adj	いれる	-	いれる
jconj	出す	とき	出すとき
jconj	出す	ない	出さない
jconj	出す	なかった	出さなかった
jconj	出す	ます	出します
jconj	出す	ますか	出しますか
jconj	出す	ません	出しません
jconj	出す	た	出した
jconj	出す	たら	出したら
jconj	出す	て	出して
jconj	出す	ている	出している
jconj	出す	ば	出せば
jconj	出す	れば	出せば
jconj	出す	れる	出せる
jconj	出す	れない	出せない
jconj	出す	える	出す
jconj	出す	えない	出す
jconj	出す	う	出す
jcan	出す	-	出せる
jcannot	出す	-	出せない
jpast	出す	-	出した
jconj_adj	出す	-	出す
jconj	拾う	とき	拾うとき
jconj	拾う	ない	拾わない
jconj	拾う	なかった	拾わなかった
jconj	拾う	ます	拾います
jconj	拾う	ますか	拾いますか
jconj	拾う	ません	拾いません
jconj	拾う	た	拾った
jconj	拾う	たら	拾ったら
jconj	拾う	て	拾って
jconj	拾う	ている	拾っている
jconj	拾う	ば	拾えば
jconj	拾う	れば	拾えば
jconj	拾う	れる	拾える
jconj	拾う	れない	拾えない
jconj	拾う	える	拾う
jconj	拾う	えない	拾う
jconj	拾う	う	拾う
jcan	拾う	-	拾える
jcannot	拾う	-	拾えない
jpast	拾う	-	拾った
jconj_adj	拾う	-	拾う
jconj	飲む	とき	飲むとき
jconj	飲む	ない	飲まない
jconj	飲む	なかった	飲まなかった
jconj	飲む	ます	飲みます
jconj	飲む	ますか	飲みますか
jconj	飲む	ません	飲みません
jconj	飲む	た	飲んだ
jconj	飲む	たら	飲んだら
jconj	飲む	て	飲んで
jconj	飲む	ている	飲んでいる
jconj	飲む	ば	飲めば
jconj	飲む	れば	飲めば
jconj	飲む	れる	飲める
jconj	飲む	れない	飲めない
jconj	飲む	える	飲む
jconj	飲む	えない	飲む
jconj	飲む	う	飲む
jcan	飲む	-	飲める
jcannot	飲む	-	飲めない
jpast	飲む	-	飲んだ
jconj_adj	飲む	-	飲む
jconj	錆びる	とき	錆びるとき
jconj	錆びる	ない	錆びない
jconj	錆びる	なかった	錆びなかった
jconj	錆びる	ます	錆びます
jconj	錆びる	ますか	錆びますか
jconj	錆びる	ません	錆びません
jconj	錆びる	た	錆びた
jconj	錆びる	たら	錆びたら
jconj	錆びる	て	錆びて
jconj	錆びる	ている	錆びている
jconj	錆びる	ば	錆びれば
jconj	錆びる	れば	錆びれば
jconj	錆びる	れる	錆びれる
jconj	錆びる	れない	錆びれない
jconj	錆びる	える	錆びえる
jconj	錆びる	えない	錆びえない
jconj	錆びる	う	錆びう
jcan	錆びる	-	錆びれる
jcannot	錆びる	-	錆びれない
jpast	錆びる	-	錆びた
jconj_adj	錆びる	-	錆びる
jconj	濡らす	とき	濡らすとき
jconj	濡らす	ない	濡らさない
jconj	濡らす	なかった	濡らさなかった
jconj	濡らす	ます	濡らします
jconj	濡らす	ますか	濡らしますか
jconj	濡らす	ません	濡らしません
jconj	濡らす	た	濡らした
jconj	濡らす	たら	濡らしたら
jconj	濡らす	て	濡らして
jconj	濡らす	ている	濡らしている
jconj	濡らす	ば	濡らせば
jconj	濡らす	れば	濡らせば
jconj	濡らす	れる	濡らせる
jconj	濡らす	れない	濡らせない
jconj	濡らす	える	濡らす
jconj	濡らす	えない	濡らす
jconj	濡らす	う	濡らす
jcan	濡らす	-	濡らせる
jcannot	濡らす	-	濡らせない
jpast	濡らす	-	濡らした
jconj_adj	濡らす	-	濡らす
jconj	浸す	とき	浸すとき
jconj	浸す	ない	浸さない
jconj	浸す	なかった	浸さなかった
jconj	浸す	ます	浸します
jconj	浸す	ますか	浸しますか
jconj	浸す	ません	浸しません
jconj	浸す	た	浸した
jconj	浸す	たら	浸したら
jconj	浸す	て	浸して
jconj	浸す	ている	浸している
jconj	浸す	ば	浸せば
jconj	浸す	れば	浸せば
jconj	浸す	れる	浸せる
jconj	浸す	れない	浸せない
jconj	浸す	える	浸す
jconj	浸す	えない	浸す
jconj	浸す	う	浸す
jcan	浸す	-	浸せる
jcannot	浸す	-	浸せない
jpast	浸す	-	浸した
jconj_adj	浸す	-	浸す
jconj	使う	とき	使うとき
jconj	使う	ない	使わない
jconj	使う	なかった	使わなかった
jconj	使う	ます	使います
jconj	使う	ますか	使いますか
jconj	使う	ません	使いません
jconj	使う	た	使った
jconj	使う	たら	使ったら
jconj	使う	て	使って
jconj	使う	ている	使っている
jconj	使う	ば	使えば
jconj	使う	れば	使えば
jconj	使う	れる	使える
jconj	使う	れない	使えない
jconj	使う	える	使う
jconj	使う	えない	使う
jconj	使う	う	使う
jcan	使う	-	使える
jcannot	使う	-	使えない
jpast	使う	-	使った
jconj_adj	使う	-	使う
jconj	打つ	とき	打つとき
jconj	打つ	ない	打たない
jconj	打つ	なかった	打たなかった
jconj	打つ	ます	打ちます
jconj	打つ	ますか	打ちますか
jconj	打つ	ません	打ちません
jconj	打つ	た	打った
jconj	打つ	たら	打ったら
jconj	打つ	て	打って
jconj	打つ	ている	打っている
jconj	打つ	ば	打てば
jconj	打つ	れば	打てば
jconj	打つ	れる	打てる
jconj	打つ	れない	打てない
jconj	打つ	える	打つ
jconj	打つ	えない	打つ
jconj	打つ	う	打つ
jcan	打つ	-	打てる
jcannot	打つ	-	打てない
jpast	打つ	-	打った
jconj_adj	打つ	-	打つ
jconj	浮く	とき	浮くとき
jconj	浮く	ない	浮かない
jconj	浮く	なかった	浮かなかった
jconj	浮く	ます	浮きます
jconj	浮く	ますか	浮きますか
jconj	浮く	ません	浮きません
jconj	浮く	た	浮いた
jconj	浮く	たら	浮いたら
jconj	浮く	て	浮いて
jconj	浮く	ている	浮いている
jconj	浮く	ば	浮けば
jconj	浮く	れば	浮けば
jconj	浮く	れる	浮ける
jconj	浮く	れない	浮けない
jconj	浮く	える	浮く
jconj	浮く	えない	浮く
jconj	浮く	う	浮く
jcan	浮く	-	浮ける
jcannot	浮く	-	浮けない
jpast	浮く	-	浮いた
jconj_adj	浮く	-	浮く
jconj	飛ぶ	とき	飛ぶとき
jconj	飛ぶ	ない	飛ばない
jconj	飛ぶ	なかった	飛ばなかった
jconj	飛ぶ	ます	飛びます
jconj	飛ぶ	ますか	飛びますか
jconj	飛ぶ	ません	飛びません
jconj	飛ぶ	た	飛んだ
jconj	飛ぶ	たら	飛んだら
jconj	飛ぶ	て	飛んで
jconj	飛ぶ	ている	飛んでいる
jconj	飛ぶ	ば	飛べば
jconj	飛ぶ	れば	飛べば
jconj	飛ぶ	れる	飛べる
jconj	飛ぶ	れない	飛べない
jconj	飛ぶ	える	飛ぶ
jconj	飛ぶ	えない	飛ぶ
jconj	飛ぶ	う	飛ぶ
jcan	飛ぶ	-	飛べる
jcannot	飛ぶ	-	飛べない
jpast	飛ぶ	-	飛んだ
jconj_adj	飛ぶ	-	飛ぶ
jconj	滑る	とき	滑るとき
jconj	滑る	ない	滑らない
jconj	滑る	なかった	滑らなかった
jconj	滑る	ます	滑ります
jconj	滑る	ますか	滑りますか
jconj	滑る	ません	滑りません
jconj	滑る	た	滑った
jconj	滑る	たら	滑ったら
jconj	滑る	て	滑って
jconj	滑る	ている	滑っている
jconj	滑る	ば	滑れば
jconj	滑る	れば	滑れば
jconj	滑る	れる	滑れる
jconj	滑る	れない	滑れない
jconj	滑る	える	滑る
jconj	滑る	えない	滑る
jconj	滑る	う	滑る
jcan	滑る	-	滑れる
jcannot	滑る	-	滑れない
jpast	滑る	-	滑った
jconj_adj	滑る	-	滑る
jconj	出る	とき	出るとき
jconj	出る	ない	出ない
jconj	出る	なかった	出なかった
jconj	出る	ます	出ます
jconj	出る	ますか	出ますか
jconj	出る	ません	出ません
jconj	出る	た	出た
jconj	出る	たら	出たら
jconj	出る	て	出て
jconj	出る	ている	出ている
jconj	出る	ば	出れば
jconj	出る	れば	出られば
jconj	出る	れる	出られる
jconj	出る	れない	出られない
jconj	出る	える	出える
jconj	出る	えない	出えない
jconj	出る	う	出う
jcan	出る	-	出られる
jcannot	出る	-	出られない
jpast	出る	-	出た
jconj_adj	出る	-	出る
jconj	はいずる	とき	はいずるとき
jconj	はいずる	ない	はいずらない
jconj	はいずる	なかった	はいずらなかった
jconj	はいずる	ます	はいずります
jconj	はいずる	ますか	はいずりますか
jconj	はいずる	ません	はいずりません
jconj	はいずる	た	はいずった
jconj	はいずる	たら	はいずったら
jconj	はいずる	て	はいずって
jconj	はいずる	ている	はいずっている
jconj	はいずる	ば	はいずれば
jconj	はいずる	れば	はいずれば
jconj	はいずる	れる	はいずれる
jconj	はいずる	れない	はいずれない
jconj	はいずる	える	はいずる
jconj	はいずる	えない	はいずる
jconj	はいずる	う	はいずる
jcan	はいずる	-	はいずれる
jcannot	はいずる	-	はいずれない
jpast	はいずる	-	はいずった
jconj_adj	はいずる	-	はいずる
jconj	踏む	とき	踏むとき
jconj	踏む	ない	踏まない
jconj	踏む	なかった	踏まなかった
jconj	踏む	ます	踏みます
jconj	踏む	ますか	踏みますか
jconj	踏む	ません	踏みません
jconj	踏む	た	踏んだ
jconj	踏む	たら	踏んだら
jconj	踏む	て	踏んで
jconj	踏む	ている	踏んでいる
jconj	踏む	ば	踏めば
jconj	踏む	れば	踏めば
jconj	踏む	れる	踏める
jconj	踏む	れない	踏めない
jconj	踏む	える	踏む
jconj	踏む	えない	踏む
jconj	踏む	う	踏む
jcan	踏む	-	踏める
jcannot	踏む	-	踏めない
jpast	踏む	-	踏んだ
jconj_adj	踏む	-	踏む
jconj	つまずく	とき	つまずくとき
jconj	つまずく	ない	つまずかない
jconj	つまずく	なかった	つまずかなかった
jconj	つまずく	ます	つまずきます
jconj	つまずく	ますか	つまずきますか
jconj	つまずく	ません	つまずきません
jconj	つまずく	た	つまずいた
jconj	つまずく	たら	つまずいたら
jconj	つまずく	て	つまずいて
jconj	つまずく	ている	つまずいている
jconj	つまずく	ば	つまずけば
jconj	つまずく	れば	つまずけば
jconj	つまずく	れる	つまずける
jconj	つまずく	れない	つまずけない
jconj	つまずく	える	つまずく
jconj	つまずく	えない	つまずく
jconj	つまずく	う	つまずく
jcan	つまずく	-	つまずける
jcannot	つまずく	-	つまずけない
jpast	つまずく	-	つまずいた
jconj_adj	つまずく	-	つまずく
jconj	かける	とき	かけるとき
jconj	かける	ない	かけない
jconj	かける	なかった	かけなかった
jconj	かける	ます	かけます
jconj	かける	ますか	かけますか
jconj	かける	ません	かけません
jconj	かける	た	かけた
jconj	かける	たら	かけたら
jconj	かける	て	かけて
jconj	かける	ている	かけている
jconj	かける	ば	かければ
jconj	かける	れば	かければ
jconj	かける	れる	かけれる
jconj	かける	れない	かけれない
jconj	かける	える	かけえる
jconj	かける	えない	かけえない
jconj	かける	う	かけう
jcan	かける	-	かけれる
jcannot	かける	-	かけれない
jpast	かける	-	かけた
jconj_adj	かける	-	かける
jconj	あける	とき	あけるとき
jconj	あける	ない	あけない
jconj	あける	なかった	あけなかった
jconj	あける	ます	あけます
jconj	あける	ますか	あけますか
jconj	あける	ません	あけません
jconj	あける	た	あけた
jconj	あける	たら	あけたら
jconj	あける	て	あけて
jconj	あける	ている	あけている
jconj	あける	ば	あければ
jconj	あける	れば	あけられば
jconj	あける	れる	あけられる
jconj	あける	れない	あけられない
jconj	あける	える	あけえる
jconj	あける	えない	あけえない
jconj	あける	う	あけう
jcan	あける	-	あけられる
jcannot	あける	-	あけられない
jpast	あける	-	あけた
jconj_adj	あける	-	あける
jconj	開ける	とき	開けるとき
jconj	開ける	ない	開けない
jconj	開ける	なかった	開けなかった
jconj	開ける	ます	開けます
jconj	開ける	ますか	開けますか
jconj	開ける	ません	開けません
jconj	開ける	た	開けた
jconj	開ける	たら	開けたら
jconj	開ける	て	開けて
jconj	開ける	ている	開けている
jconj	開ける	ば	開ければ
jconj	開ける	れば	開けられば
jconj	開ける	れる	開けられる
jconj	開ける	れない	開けられない
jconj	開ける	える	開けえる
jconj	開ける	えない	開けえない
jconj	開ける	う	開けう
jcan	開ける	-	開けられる
jcannot	開ける	-	開けられない
jpast	開ける	-	開けた
jconj_adj	開ける	-	開ける
jconj	塗る	とき	塗るとき
jconj	塗る	ない	塗らない
jconj	塗る	なかった	塗らなかった
jconj	塗る	ます	塗ります
jconj	塗る	ますか	塗りますか
jconj	塗る	ません	塗りません
jconj	塗る	た	塗った
jconj	塗る	たら	塗ったら
jconj	塗る	て	塗って
jconj	塗る	ている	塗っている
jconj	塗る	ば	塗れば
jconj	塗る	れば	塗れば
jconj	塗る	れる	塗れる
jconj	塗る	れない	塗れない
jconj	塗る	える	塗る
jconj	塗る	えない	塗る
jconj	塗る	う	塗る
jcan	塗る	-	塗れる
jcannot	塗る	-	塗れない
jpast	塗る	-	塗った
jconj_adj	塗る	-	塗る
jconj	加える	とき	加えるとき
jconj	加える	ない	加えない
jconj	加える	なかった	加えなかった
jconj	加える	ます	加えます
jconj	加える	ますか	加えますか
jconj	加える	ません	加えません
jconj	加える	た	加えた
jconj	加える	たら	加えたら
jconj	加える	て	加えて
jconj	加える	ている	加えている
jconj	加える	ば	加えれば
jconj	加える	れば	加えられば
jconj	加える	れる	加えられる
jconj	加える	れない	加えられない
jconj	加える	える	加ええる
jconj	加える	えない	加ええない
jconj	加える	う	加えう
jcan	加える	-	加えられる
jcannot	加える	-	加えられない
jpast	加える	-	加えた
jconj_adj	加える	-	加える
jconj	刻む	とき	刻むとき
jconj	刻む	ない	刻まない
jconj	刻む	なかった	刻まなかった
jconj	刻む	ます	刻みます
jconj	刻む	ますか	刻みますか
jconj	刻む	ません	刻みません
jconj	刻む	た	刻んだ
jconj	刻む	たら	刻んだら
jconj	刻む	て	刻んで
jconj	刻む	ている	刻んでいる
jconj	刻む	ば	刻めば
jconj	刻む	れば	刻めば
jconj	刻む	れる	刻める
jconj	刻む	れない	刻めない
jconj	刻む	える	刻む
jconj	刻む	えない	刻む
jconj	刻む	う	刻む
jcan	刻む	-	刻める
jcannot	刻む	-	刻めない
jpast	刻む	-	刻んだ
jconj_adj	刻む	-	刻む
jconj	こます	とき	こますとき
jconj	こます	ない	こまさない
jconj	こます	なかった	こまさなかった
jconj	こます	ます	こまします
jconj	こます	ますか	こましますか
jconj	こます	ません	こましません
jconj	こます	た	こました
jconj	こます	たら	こましたら
jconj	こます	て	こまして
jconj	こます	ている	こましている
jconj	こます	ば	こませば
jconj	こます	れば	こませば
jconj	こます	れる	こませる
jconj	こます	れない	こませない
jconj	こます	える	こます
jconj	こます	えない	こます
jconj	こます	う	こます
jcan	こます	-	こませる
jcannot	こます	-	こませない
jpast	こます	-	こました
jconj_adj	こます	-	こます
jconj	名づける	とき	名づけるとき
jconj	名づける	ない	名づけない
jconj	名づける	なかった	名づけなかった
jconj	名づける	ます	名づけます
jconj	名づける	ますか	名づけますか
jconj	名づける	ません	名づけません
jconj	名づける	た	名づけた
jconj	名づける	たら	名づけたら
jconj	名づける	て	名づけて
jconj	名づける	ている	名づけている
jconj	名づける	ば	名づければ
jconj	名づける	れば	名づけられば
jconj	名づける	れる	名づけられる
jconj	名づける	れない	名づけられない
jconj	名づける	える	名づけえる
jconj	名づける	えない	名づけえない
jconj	名づける	う	名づけう
jcan	名づける	-	名づけられる
jcannot	名づける	-	名づけられない
jpast	名づける	-	名づけた
jconj_adj	名づける	-	名づける
jconj	呼ぶ	とき	呼ぶとき
jconj	呼ぶ	ない	呼ばない
jconj	呼ぶ	なかった	呼ばなかった
jconj	呼ぶ	ます	呼びます
jconj	呼ぶ	ますか	呼びますか
jconj	呼ぶ	ません	呼びません
jconj	呼ぶ	た	呼んだ
jconj	呼ぶ	たら	呼んだら
jconj	呼ぶ	て	呼んで
jconj	呼ぶ	ている	呼んでいる
jconj	呼ぶ	ば	呼べば
jconj	呼ぶ	れば	呼べば
jconj	呼ぶ	れる	呼べる
jconj	呼ぶ	れない	呼べない
jconj	呼ぶ	える	呼ぶ
jconj	呼ぶ	えない	呼ぶ
jconj	呼ぶ	う	呼ぶ
jcan	呼ぶ	-	呼べる
jcannot	呼ぶ	-	呼べない
jpast	呼ぶ	-	呼んだ
jconj_adj	呼ぶ	-	呼ぶ
jconj	焼く	とき	焼くとき
jconj	焼く	ない	焼かない
jconj	焼く	なかった	焼かなかった
jconj	焼く	ます	焼きます
jconj	焼く	ますか	焼きますか
jconj	焼く	ません	焼きません
jconj	焼く	た	焼いた
jconj	焼く	たら	焼いたら
jconj	焼く	て	焼いて
jconj	焼く	ている	焼いている
jconj	焼く	ば	焼けば
jconj	焼く	れば	焼けば
jconj	焼く	れる	焼ける
jconj	焼く	れない	焼けない
jconj	焼く	える	焼く
jconj	焼く	えない	焼く
jconj	焼く	う	焼く
jcan	焼く	-	焼ける
jcannot	焼く	-	焼けない
jpast	焼く	-	焼いた
jconj_adj	焼く	-	焼く
jconj	つける	とき	つけるとき
jconj	つける	ない	つけない
jconj	つける	なかった	つけなかった
jconj	つける	ます	つけます
jconj	つける	ますか	つけますか
jconj	つける	ません	つけません
jconj	つける	た	つけた
jconj	つける	たら	つけたら
jconj	つける	て	つけて
jconj	つける	ている	つけている
jconj	つける	ば	つければ
jconj	つける	れば	つけられば
jconj	つける	れる	つけられる
jconj	つける	れない	つけられない
jconj	つける	える	つけえる
jconj	つける	えない	つけえない
jconj	つける	う	つけう
jcan	つける	-	つけられる
jcannot	つける	-	つけられない
jpast	つける	-	つけた
jconj_adj	つける	-	つける
jconj	壊す	とき	壊すとき
jconj	壊す	ない	壊さない
jconj	壊す	なかった	壊さなかった
jconj	壊す	ます	壊します
jconj	壊す	ますか	壊しますか
jconj	壊す	ません	壊しません
jconj	壊す	た	壊した
jconj	壊す	たら	壊したら
jconj	壊す	て	壊して
jconj	壊す	ている	壊している
jconj	壊す	ば	壊せば
jconj	壊す	れば	壊せば
jconj	壊す	れる	壊せる
jconj	壊す	れない	壊せない
jconj	壊す	える	壊す
jconj	壊す	えない	壊す
jconj	壊す	う	壊す
jcan	壊す	-	壊せる
jcannot	壊す	-	壊せない
jpast	壊す	-	壊した
jconj_adj	壊す	-	壊す
jconj	はめる	とき	はめるとき
jconj	はめる	ない	はめない
jconj	はめる	なかった	はめなかった
jconj	はめる	ます	はめます
jconj	はめる	ますか	はめますか
jconj	はめる	ません	はめません
jconj	はめる	た	はめた
jconj	はめる	たら	はめたら
jconj	はめる	て	はめて
jconj	はめる	ている	はめている
jconj	はめる	ば	はめれば
jconj	はめる	れば	はめれば
jconj	はめる	れる	はめれる
jconj	はめる	れない	はめれない
jconj	はめる	える	はめえる
jconj	はめる	えない	はめえない
jconj	はめる	う	はめう
jcan	はめる	-	はめれる
jcannot	はめる	-	はめれない
jpast	はめる	-	はめた
jconj_adj	はめる	-	はめる
jconj	かぶる	とき	かぶるとき
jconj	かぶる	ない	かぶらない
jconj	かぶる	なかった	かぶらなかった
jconj	かぶる	ます	かぶります
jconj	かぶる	ますか	かぶりますか
jconj	かぶる	ません	かぶりません
jconj	かぶる	た	かぶった
jconj	かぶる	たら	かぶったら
jconj	かぶる	て	かぶって
jconj	かぶる	ている	かぶっている
jconj	かぶる	ば	かぶれば
jconj	かぶる	れば	かぶれば
jconj	かぶる	れる	かぶれる
jconj	かぶる	れない	かぶれない
jconj	かぶる	える	かぶる
jconj	かぶる	えない	かぶる
jconj	かぶる	う	かぶる
jcan	かぶる	-	かぶれる
jcannot	かぶる	-	かぶれない
jpast	かぶる	-	かぶった
jconj_adj	かぶる	-	かぶる
jconj	構える	とき	構えるとき
jconj	構える	ない	構えない
jconj	構える	なかった	構えなかった
jconj	構える	ます	構えます
jconj	構える	ますか	構えますか
jconj	構える	ません	構えません
jconj	構える	た	構えた
jconj	構える	たら	構えたら
jconj	構える	て	構えて
jconj	構える	ている	構えている
jconj	構える	ば	構えれば
jconj	構える	れば	構えられば
jconj	構える	れる	構えられる
jconj	構える	れない	構えられない
jconj	構える	える	構ええる
jconj	構える	えない	構ええない
jconj	構える	う	構えう
jcan	構える	-	構えられる
jcannot	構える	-	構えられない
jpast	構える	-	構えた
jconj_adj	構える	-	構える
jconj	納める	とき	納めるとき
jconj	納める	ない	納めない
jconj	納める	なかった	納めなかった
jconj	納める	ます	納めます
jconj	納める	ますか	納めますか
jconj	納める	ません	納めません
jconj	納める	た	納めた
jconj	納める	たら	納めたら
jconj	納める	て	納めて
jconj	納める	ている	納めている
jconj	納める	ば	納めれば
jconj	納める	れば	納められば
jconj	納める	れる	納められる
jconj	納める	れない	納められない
jconj	納める	える	納めえる
jconj	納める	えない	納めえない
jconj	納める	う	納めう
jcan	納める	-	納められる
jcannot	納める	-	納められない
jpast	納める	-	納めた
jconj_adj	納める	-	納める
jconj	取る	とき	取るとき
jconj	取る	ない	取らない
jconj	取る	なかった	取らなかった
jconj	取る	ます	取ります
jconj	取る	ますか	取りますか
jconj	取る	ません	取りません
jconj	取る	た	取った
jconj	取る	たら	取ったら
jconj	取る	て	取って
jconj	取る	ている	取っている
jconj	取る	ば	取れば
jconj	取る	れば	取れば
jconj	取る	れる	取れる
jconj	取る	れない	取れない
jconj	取る	える	取る
jconj	取る	えない	取る
jconj	取る	う	取る
jcan	取る	-	取れる
jcannot	取る	-	取れない
jpast	取る	-	取った
jconj_adj	取る	-	取る
jconj	守る	とき	守るとき
jconj	守る	ない	守らない
jconj	守る	なかった	守らなかった
jconj	守る	ます	守ります
jconj	守る	ますか	守りますか
jconj	守る	ません	守りません
jconj	守る	た	守った
jconj	守る	たら	守ったら
jconj	守る	て	守って
jconj	守る	ている	守っている
jconj	守る	ば	守れば
jconj	守る	れば	守れば
jconj	守る	れる	守れる
jconj	守る	れない	守れない
jconj	守る	える	守る
jconj	守る	えない	守る
jconj	守る	う	守る
jcan	守る	-	守れる
jcannot	守る	-	守れない
jpast	守る	-	守った
jconj_adj	守る	-	守る
jconj	解く	とき	解くとき
jconj	解く	ない	解かない
jconj	解く	なかった	解かなかった
jconj	解く	ます	解きます
jconj	解く	ますか	解きますか
jconj	解く	ません	解きません
jconj	解く	た	解いた
jconj	解く	たら	解いたら
jconj	解く	て	解いて
jconj	解く	ている	解いている
jconj	解く	ば	解けば
jconj	解く	れば	解けば
jconj	解く	れる	解ける
jconj	解く	れない	解けない
jconj	解く	える	解く
jconj	解く	えない	解く
jconj	解く	う	解く
jcan	解く	-	解ける
jcannot	解く	-	解けない
jpast	解く	-	解いた
jconj_adj	解く	-	解く
jconj	込む	とき	込むとき
jconj	込む	ない	込まない
jconj	込む	なかった	込まなかった
jconj	込む	ます	込みます
jconj	込む	ますか	込みますか
jconj	込む	ません	込みません
jconj	込む	た	込んだ
jconj	込む	たら	込んだら
jconj	込む	て	込んで
jconj	込む	ている	込んでいる
jconj	込む	ば	込めば
jconj	込む	れば	込めば
jconj	込む	れる	込める
jconj	込む	れない	込めない
jconj	込む	える	込む
jconj	込む	えない	込む
jconj	込む	う	込む
jcan	込む	-	込める
jcannot	込む	-	込めない
jpast	込む	-	込んだ
jconj_adj	込む	-	込む
jconj	とばす	とき	とばすとき
jconj	とばす	ない	とばさない
jconj	とばす	なかった	とばさなかった
jconj	とばす	ます	とばします
jconj	とばす	ますか	とばしますか
jconj	とばす	ません	とばしません
jconj	とばす	た	とばした
jconj	とばす	たら	とばしたら
jconj	とばす	て	とばして
jconj	とばす	ている	とばしている
jconj	とばす	ば	とばせば
jconj	とばす	れば	とばせば
jconj	とばす	れる	とばせる
jconj	とばす	れない	とばせない
jconj	とばす	える	とばす
jconj	とばす	えない	とばす
jconj	とばす	う	とばす
jcan	とばす	-	とばせる
jcannot	とばす	-	とばせない
jpast	とばす	-	とばした
jconj_adj	とばす	-	とばす
jconj	回す	とき	回すとき
jconj	回す	ない	回さない
jconj	回す	なかった	回さなかった
jconj	回す	ます	回します
jconj	回す	ますか	回しますか
jconj	回す	ません	回しません
jconj	回す	た	回した
jconj	回す	たら	回したら
jconj	回す	て	回して
jconj	回す	ている	回している
jconj	回す	ば	回せば
jconj	回す	れば	回せば
jconj	回す	れる	回せる
jconj	回す	れない	回せない
jconj	回す	える	回す
jconj	回す	えない	回す
jconj	回す	う	回す
jcan	回す	-	回せる
jcannot	回す	-	回せない
jpast	回す	-	回した
jconj_adj	回す	-	回す
jconj	握る	とき	握るとき
jconj	握る	ない	握らない
jconj	握る	なかった	握らなかった
jconj	握る	ます	握ります
jconj	握る	ますか	握りますか
jconj	握る	ません	握りません
jconj	握る	た	握った
jconj	握る	たら	握ったら
jconj	握る	て	握って
jconj	握る	ている	握っている
jconj	握る	ば	握れば
jconj	握る	れば	握れば
jconj	握る	れる	握れる
jconj	握る	れない	握れない
jconj	握る	える	握る
jconj	握る	えない	握る
jconj	握る	う	握る
jcan	握る	-	握れる
jcannot	握る	-	握れない
jpast	握る	-	握った
jconj_adj	握る	-	握る
jconj	ひっかける	とき	ひっかけるとき
jconj	ひっかける	ない	ひっかけない
jconj	ひっかける	なかった	ひっかけなかった
jconj	ひっかける	ます	ひっかけます
jconj	ひっかける	ますか	ひっかけますか
jconj	ひっかける	ません	ひっかけません
jconj	ひっかける	た	ひっかけた
jconj	ひっかける	たら	ひっかけたら
jconj	ひっかける	て	ひっかけて
jconj	ひっかける	ている	ひっかけている
jconj	ひっかける	ば	ひっかければ
jconj	ひっかける	れば	ひっかけられば
jconj	ひっかける	れる	ひっかけられる
jconj	ひっかける	れない	ひっかけられない
jconj	ひっかける	える	ひっかけえる
jconj	ひっかける	えない	ひっかけえない
jconj	ひっかける	う	ひっかけう
jcan	ひっかける	-	ひっかけられる
jcannot	ひっかける	-	ひっかけられない
jpast	ひっかける	-	ひっかけた
jconj_adj	ひっかける	-	ひっかける
jconj	はさむ	とき	はさむとき
jconj	はさむ	ない	はさまない
jconj	はさむ	なかった	はさまなかった
jconj	はさむ	ます	はさみます
jconj	はさむ	ますか	はさみますか
jconj	はさむ	ません	はさみません
jconj	はさむ	た	はさんだ
jconj	はさむ	たら	はさんだら
jconj	はさむ	て	はさんで
jconj	はさむ	ている	はさんでいる
jconj	はさむ	ば	はさめば
jconj	はさむ	れば	はさめば
jconj	はさむ	れる	はさめる
jconj	はさむ	れない	はさめない
jconj	はさむ	える	はさむ
jconj	はさむ	えない	はさむ
jconj	はさむ	う	はさむ
jcan	はさむ	-	はさめる
jcannot	はさむ	-	はさめない
jpast	はさむ	-	はさんだ
jconj_adj	はさむ	-	はさむ
jconj	持つ	とき	持つとき
jconj	持つ	ない	持たない
jconj	持つ	なかった	持たなかった
jconj	持つ	ます	持ちます
jconj	持つ	ますか	持ちますか
jconj	持つ	ません	持ちません
jconj	持つ	た	持った
jconj	持つ	たら	持ったら
jconj	持つ	て	持って
jconj	持つ	ている	持っている
jconj	持つ	ば	持てば
jconj	持つ	れば	持てば
jconj	持つ	れる	持てる
jconj	持つ	れない	持てない
jconj	持つ	える	持つ
jconj	持つ	えない	持つ
jconj	持つ	う	持つ
jcan	持つ	-	持てる
jcannot	持つ	-	持てない
jpast	持つ	-	持った
jconj_adj	持つ	-	持つ
jconj	巻く	とき	巻くとき
jconj	巻く	ない	巻かない
jconj	巻く	なかった	巻かなかった
jconj	巻く	ます	巻きます
jconj	巻く	ますか	巻きますか
jconj	巻く	ません	巻きません
jconj	巻く	た	巻いた
jconj	巻く	たら	巻いたら
jconj	巻く	て	巻いて
jconj	巻く	ている	巻いている
jconj	巻く	ば	巻けば
jconj	巻く	れば	巻けば
jconj	巻く	れる	巻ける
jconj	巻く	れない	巻けない
jconj	巻く	える	巻く
jconj	巻く	えない	巻く
jconj	巻く	う	巻く
jcan	巻く	-	巻ける
jcannot	巻く	-	巻けない
jpast	巻く	-	巻いた
jconj_adj	巻く	-	巻く
jconj	履く	とき	履くとき
jconj	履く	ない	履かない
jconj	履く	なかった	履かなかった
jconj	履く	ます	履きます
jconj	履く	ますか	履きますか
jconj	履く	ません	履きません
jconj	履く	た	履いた
jconj	履く	たら	履いたら
jconj	履く	て	履いて
jconj	履く	ている	履いている
jconj	履く	ば	履けば
jconj	履く	れば	履けば
jconj	履く	れる	履ける
jconj	履く	れない	履けない
jconj	履く	える	履く
jconj	履く	えない	履く
jconj	履く	う	履く
jcan	履く	-	履ける
jcannot	履く	-	履けない
jpast	履く	-	履いた
jconj_adj	履く	-	履く
jconj	噛みつく	とき	噛みつくとき
jconj	噛みつく	ない	噛みつかない
jconj	噛みつく	なかった	噛みつかなかった
jconj	噛みつく	ます	噛みつきます
jconj	噛みつく	ますか	噛みつきますか
jconj	噛みつく	ません	噛みつきません
jconj	噛みつく	た	噛みついた
jconj	噛みつく	たら	噛みついたら
jconj	噛みつく	て	噛みついて
jconj	噛みつく	ている	噛みついている
jconj	噛みつく	ば	噛みつけば
jconj	噛みつく	れば	噛みつけば
jconj	噛みつく	れる	噛みつける
jconj	噛みつく	れない	噛みつけない
jconj	噛みつく	える	噛みつく
jconj	噛みつく	えない	噛みつく
jconj	噛みつく	う	噛みつく
jcan	噛みつく	-	噛みつける
jcannot	噛みつく	-	噛みつけない
jpast	噛みつく	-	噛みついた
jconj_adj	噛みつく	-	噛みつく
phrase	xy来る	とき	xy来るとき
phrase	xy来る	ない	xy来ない
phrase	xy来る	なかった	xy来なかった
phrase	xy来る	ます	xy来ます
phrase	xy来る	ますか	xy来ますか
phrase	xy来る	ません	xy来ません
phrase	xy来る	た	xy来た
phrase	xy来る	たら	xy来たら
phrase	xy来る	て	xy来て
phrase	xy来る	ている	xy来ている
phrase	xy来る	ば	xy来れば
phrase	xy来る	れば	xy来れば
phrase	xy来る	れる	xy来れる
phrase	xy来る	れない	xy来れない
phrase	xy来る	える	xy来える
phrase	xy来る	えない	xy来えない
phrase	xy来る	う	xy来う
phrase	xyする	とき	xyするとき
phrase	xyする	ない	xyしない
phrase	xyする	なかった	xyしなかった
phrase	xyする	ます	xyします
phrase	xyする	ますか	xyしますか
phrase	xyする	ません	xyしません
phrase	xyする	た	xyした
phrase	xyする	たら	xyしたら
phrase	xyする	て	xyして
phrase	xyする	ている	xyしている
phrase	xyする	ば	xyすれば
phrase	xyする	れば	xyすれば
phrase	xyする	れる	xyする
phrase	xyする	れない	xyする
phrase	xyする	える	xyする
phrase	xyする	えない	xyする
phrase	xyする	う	xyする
phrase	xy食べる	とき	xy食べるとき
phrase	xy食べる	ない	xy食べない
phrase	xy食べる	なかった	xy食べなかった
phrase	xy食べる	ます	xy食べます
phrase	xy食べる	ますか	xy食べますか
phrase	xy食べる	ません	xy食べません
phrase	xy食べる	た	xy食べた
phrase	xy食べる	たら	xy食べたら
phrase	xy食べる	て	xy食べて
phrase	xy食べる	ている	xy食べている
phrase	xy食べる	ば	xy食べれば
phrase	xy食べる	れば	xy食べられば
phrase	xy食べる	れる	xy食べられる
phrase	xy食べる	れない	xy食べられない
phrase	xy食べる	える	xy食べえる
phrase	xy食べる	えない	xy食べえない
phrase	xy食べる	う	xy食べう
phrase	xy読む	とき	xy読むとき
phrase	xy読む	ない	xy読まない
phrase	xy読む	なかった	xy読まなかった
phrase	xy読む	ます	xy読みます
phrase	xy読む	ますか	xy読みますか
phrase	xy読む	ません	xy読みません
phrase	xy読む	た	xy読んだ
phrase	xy読む	たら	xy読んだら
phrase	xy読む	て	xy読んで
phrase	xy読む	ている	xy読んでいる
phrase	xy読む	ば	xy読めば
phrase	xy読む	れば	xy読めば
phrase	xy読む	れる	xy読める
phrase	xy読む	れない	xy読めない
phrase	xy読む	える	xy読む
phrase	xy読む	えない	xy読む
phrase	xy読む	う	xy読む
phrase	xy脱ぐ	とき	xy脱ぐとき
phrase	xy脱ぐ	ない	xy脱がない
phrase	xy脱ぐ	なかった	xy脱がなかった
phrase	xy脱ぐ	ます	xy脱ぎます
phrase	xy脱ぐ	ますか	xy脱ぎますか
phrase	xy脱ぐ	ません	xy脱ぎません
phrase	xy脱ぐ	た	xy脱いだ
phrase	xy脱ぐ	たら	xy脱いだら
phrase	xy脱ぐ	て	xy脱いで
phrase	xy脱ぐ	ている	xy脱いでいる
phrase	xy脱ぐ	ば	xy脱げば
phrase	xy脱ぐ	れば	xy脱げば
phrase	xy脱ぐ	れる	xy脱げる
phrase	xy脱ぐ	れない	xy脱げない
phrase	xy脱ぐ	える	xy脱ぐ
phrase	xy脱ぐ	えない	xy脱ぐ
phrase	xy脱ぐ	う	xy脱ぐ
phrase	xy着る	とき	xy着るとき
phrase	xy着る	ない	xy着ない
phrase	xy着る	なかった	xy着なかった
phrase	xy着る	ます	xy着ます
phrase	xy着る	ますか	xy着ますか
phrase	xy着る	ません	xy着ません
phrase	xy着る	た	xy着た
phrase	xy着る	たら	xy着たら
phrase	xy着る	て	xy着て
phrase	xy着る	ている	xy着ている
phrase	xy着る	ば	xy着れば
phrase	xy着る	れば	xy着れば
phrase	xy着る	れる	xy着れる
phrase	xy着る	れない	xy着れない
phrase	xy着る	える	xy着える
phrase	xy着る	えない	xy着えない
phrase	xy着る	う	xy着う
phrase	xy身につける	とき	xy身につけるとき
phrase	xy身につける	ない	xy身につけない
phrase	xy身につける	なかった	xy身につけなかった
phrase	xy身につける	ます	xy身につけます
phrase	xy身につける	ますか	xy身につけますか
phrase	xy身につける	ません	xy身につけません
phrase	xy身につける	た	xy身につけた
phrase	xy身につける	たら	xy身につけたら
phrase	xy身につける	て	xy身につけて
phrase	xy身につける	ている	xy身につけている
phrase	xy身につける	ば	xy身につければ
phrase	xy身につける	れば	xy身につけられば
phrase	xy身につける	れる	xy身につけられる
phrase	xy身につける	れない	xy身につけられない
phrase	xy身につける	える	xy身につけえる
phrase	xy身につける	えない	xy身につけえない
phrase	xy身につける	う	xy身につけう
phrase	xyはずす	とき	xyはずすとき
phrase	xyはずす	ない	xyはずさない
phrase	xyはずす	なかった	xyはずさなかった
phrase	xyはずす	ます	xyはずします
phrase	xyはずす	ますか	xyはずしますか
phrase	xyはずす	ません	xyはずしません
phrase	xyはずす	た	xyはずした
phrase	xyはずす	たら	xyはずしたら
phrase	xyはずす	て	xyはずして
phrase	xyはずす	ている	xyはずしている
phrase	xyはずす	ば	xyはずせば
phrase	xyはずす	れば	xyはずせば
phrase	xyはずす	れる	xyはずせる
phrase	xyはずす	れない	xyはずせない
phrase	xyはずす	える	xyはずす
phrase	xyはずす	えない	xyはずす
phrase	xyはずす	う	xyはずす
phrase	xy外す	とき	xy外すとき
phrase	xy外す	ない	xy外さない
phrase	xy外す	なかった	xy外さなかった
phrase	xy外す	ます	xy外します
phrase	xy外す	ますか	xy外しますか
phrase	xy外す	ません	xy外しません
phrase	xy外す	た	xy外した
phrase	xy外す	たら	xy外したら
phrase	xy外す	て	xy外して
phrase	xy外す	ている	xy外している
phrase	xy外す	ば	xy外せば
phrase	xy外す	れば	xy外せば
phrase	xy外す	れる	xy外せる
phrase	xy外す	れない	xy外せない
phrase	xy外す	える	xy外す
phrase	xy外す	えない	xy外す
phrase	xy外す	う	xy外す
phrase	xy捧げる	とき	xy捧げるとき
phrase	xy捧げる	ない	xy捧げない
phrase	xy捧げる	なかった	xy捧げなかった
phrase	xy捧げる	ます	xy捧げます
phrase	xy捧げる	ますか	xy捧げますか
phrase	xy捧げる	ません	xy捧げません
phrase	xy捧げる	た	xy捧げた
phrase	xy捧げる	たら	xy捧げたら
phrase	xy捧げる	て	xy捧げて
phrase	xy捧げる	ている	xy捧げている
phrase	xy捧げる	ば	xy捧げれば
phrase	xy捧げる	れば	xy捧げられば
phrase	xy捧げる	れる	xy捧げられる
phrase	xy捧げる	れない	xy捧げられない
phrase	xy捧げる	える	xy捧げえる
phrase	xy捧げる	えない	xy捧げえない
phrase	xy捧げる	う	xy捧げう
phrase	xy書く	とき	xy書くとき
phrase	xy書く	ない	xy書かない
phrase	xy書く	なかった	xy書かなかった
phrase	xy書く	ます	xy書きます
phrase	xy書く	ますか	xy書きますか
phrase	xy書く	ません	xy書きません
phrase	xy書く	た	xy書いた
phrase	xy書く	たら	xy書いたら
phrase	xy書く	て	xy書いて
phrase	xy書く	ている	xy書いている
phrase	xy書く	ば	xy書けば
phrase	xy書く	れば	xy書けば
phrase	xy書く	れる	xy書ける
phrase	xy書く	れない	xy書けない
phrase	xy書く	える	xy書く
phrase	xy書く	えない	xy書く
phrase	xy書く	う	xy書く
phrase	xyこする	とき	xyこするとき
phrase	xyこする	ない	xyこしない
phrase	xyこする	なかった	xyこしなかった
phrase	xyこする	ます	xyこします
phrase	xyこする	ますか	xyこしますか
phrase	xyこする	ません	xyこしません
phrase	xyこする	た	xyこした
phrase	xyこする	たら	xyこしたら
phrase	xyこする	て	xyこして
phrase	xyこする	ている	xyこしている
phrase	xyこする	ば	xyこすれば
phrase	xyこする	れば	xyこすれば
phrase	xyこする	れる	xyこする
phrase	xyこする	れない	xyこする
phrase	xyこする	える	xyこする
phrase	xyこする	えない	xyこする
phrase	xyこする	う	xyこする
phrase	xy投げる	とき	xy投げるとき
phrase	xy投げる	ない	xy投げない
phrase	xy投げる	なかった	xy投げなかった
phrase	xy投げる	ます	xy投げます
phrase	xy投げる	ますか	xy投げますか
phrase	xy投げる	ません	xy投げません
phrase	xy投げる	た	xy投げた
phrase	xy投げる	たら	xy投げたら
phrase	xy投げる	て	xy投げて
phrase	xy投げる	ている	xy投げている
phrase	xy投げる	ば	xy投げれば
phrase	xy投げる	れば	xy投げられば
phrase	xy投げる	れる	xy投げられる
phrase	xy投げる	れない	xy投げられない
phrase	xy投げる	える	xy投げえる
phrase	xy投げる	えない	xy投げえない
phrase	xy投げる	う	xy投げう
phrase	xy落す	とき	xy落すとき
phrase	xy落す	ない	xy落さない
phrase	xy落す	なかった	xy落さなかった
phrase	xy落す	ます	xy落します
phrase	xy落す	ますか	xy落しますか
phrase	xy落す	ません	xy落しません
phrase	xy落す	た	xy落した
phrase	xy落す	たら	xy落したら
phrase	xy落す	て	xy落して
phrase	xy落す	ている	xy落している
phrase	xy落す	ば	xy落せば
phrase	xy落す	れば	xy落せば
phrase	xy落す	れる	xy落せる
phrase	xy落す	れない	xy落せない
phrase	xy落す	える	xy落す
phrase	xy落す	えない	xy落す
phrase	xy落す	う	xy落す
phrase	xy置く	とき	xy置くとき
phrase	xy置く	ない	xy置かない
phrase	xy置く	なかった	xy置かなかった
phrase	xy置く	ます	xy置きます
phrase	xy置く	ますか	xy置きますか
phrase	xy置く	ません	xy置きません
phrase	xy置く	た	xy置いた
phrase	xy置く	たら	xy置いたら
phrase	xy置く	て	xy置いて
phrase	xy置く	ている	xy置いている
phrase	xy置く	ば	xy置けば
phrase	xy置く	れば	xy置けば
phrase	xy置く	れる	xy置ける
phrase	xy置く	れない	xy置けない
phrase	xy置く	える	xy置く
phrase	xy置く	えない	xy置く
phrase	xy置く	う	xy置く
phrase	xy殺す	とき	xy殺すとき
phrase	xy殺す	ない	xy殺さない
phrase	xy殺す	なかった	xy殺さなかった
phrase	xy殺す	ます	xy殺します
phrase	xy殺す	ますか	xy殺しますか
phrase	xy殺す	ません	xy殺しません
phrase	xy殺す	た	xy殺した
phrase	xy殺す	たら	xy殺したら
phrase	xy殺す	て	xy殺して
phrase	xy殺す	ている	xy殺している
phrase	xy殺す	ば	xy殺せば
phrase	xy殺す	れば	xy殺せば
phrase	xy殺す	れる	xy殺せる
phrase	xy殺す	れない	xy殺せない
phrase	xy殺す	える	xy殺す
phrase	xy殺す	えない	xy殺す
phrase	xy殺す	う	xy殺す
phrase	xy死ぬ	とき	xy死ぬとき
phrase	xy死ぬ	ない	xy死なない
phrase	xy死ぬ	なかった	xy死ななかった
phrase	xy死ぬ	ます	xy死にます
phrase	xy死ぬ	ますか	xy死にますか
phrase	xy死ぬ	ません	xy死にません
phrase	xy死ぬ	た	xy死んだ
phrase	xy死ぬ	たら	xy死んだら
phrase	xy死ぬ	て	xy死んで
phrase	xy死ぬ	ている	xy死んでいる
phrase	xy死ぬ	ば	xy死ねば
phrase	xy死ぬ	れば	xy死ねば
phrase	xy死ぬ	れる	xy死ねる
phrase	xy死ぬ	れない	xy死ねない
phrase	xy死ぬ	える	xy死ぬ
phrase	xy死ぬ	えない	xy死ぬ
phrase	xy死ぬ	う	xy死ぬ
phrase	xy落ちる	とき	xy落ちるとき
phrase	xy落ちる	ない	xy落ちない
phrase	xy落ちる	なかった	xy落ちなかった
phrase	xy落ちる	ます	xy落ちます
phrase	xy落ちる	ますか	xy落ちますか
phrase	xy落ちる	ません	xy落ちません
phrase	xy落ちる	た	xy落ちた
phrase	xy落ちる	たら	xy落ちたら
phrase	xy落ちる	て	xy落ちて
phrase	xy落ちる	ている	xy落ちている
phrase	xy落ちる	ば	xy落ちれば
phrase	xy落ちる	れば	xy落ちれば
phrase	xy落ちる	れる	xy落ちれる
phrase	xy落ちる	れない	xy落ちれない
phrase	xy落ちる	える	xy落ちえる
phrase	xy落ちる	えない	xy落ちえない
phrase	xy落ちる	う	xy落ちう
phrase	xy入れる	とき	xy入れるとき
phrase	xy入れる	ない	xy入れない
phrase	xy入れる	なかった	xy入れなかった
phrase	xy入れる	ます	xy入れます
phrase	xy入れる	ますか	xy入れますか
phrase	xy入れる	ません	xy入れません
phrase	xy入れる	た	xy入れた
phrase	xy入れる	たら	xy入れたら
phrase	xy入れる	て	xy入れて
phrase	xy入れる	ている	xy入れている
phrase	xy入れる	ば	xy入れれば
phrase	xy入れる	れば	xy入れられば
phrase	xy入れる	れる	xy入れられる
phrase	xy入れる	れない	xy入れられない
phrase	xy入れる	える	xy入れえる
phrase	xy入れる	えない	xy入れえない
phrase	xy入れる	う	xy入れう
phrase	xyいれる	とき	xyいれるとき
phrase	xyいれる	ない	xyいれない
phrase	xyいれる	なかった	xyいれなかった
phrase	xyいれる	ます	xyいれます
phrase	xyいれる	ますか	xyいれますか
phrase	xyいれる	ません	xyいれません
phrase	xyいれる	た	xyいれた
phrase	xyいれる	たら	xyいれたら
phrase	xyいれる	て	xyいれて
phrase	xyいれる	ている	xyいれている
phrase	xyいれる	ば	xyいれれば
phrase	xyいれる	れば	xyいれられば
phrase	xyいれる	れる	xyいれられる
phrase	xyいれる	れない	xyいれられない
phrase	xyいれる	える	xyいれえる
phrase	xyいれる	えない	xyいれえない
phrase	xyいれる	う	xyいれう
phrase	xy出す	とき	xy出すとき
phrase	xy出す	ない	xy出さない
phrase	xy出す	なかった	xy出さなかった
phrase	xy出す	ます	xy出します
phrase	xy出す	ますか	xy出しますか
phrase	xy出す	ません	xy出しません
phrase	xy出す	た	xy出した
phrase	xy出す	たら	xy出したら
phrase	xy出す	て	xy出して
phrase	xy出す	ている	xy出している
phrase	xy出す	ば	xy出せば
phrase	xy出す	れば	xy出せば
phrase	xy出す	れる	xy出せる
phrase	xy出す	れない	xy出せない
phrase	xy出す	える	xy出す
phrase	xy出す	えない	xy出す
phrase	xy出す	う	xy出す
phrase	xy拾う	とき	xy拾うとき
phrase	xy拾う	ない	xy拾わない
phrase	xy拾う	なかった	xy拾わなかった
phrase	xy拾う	ます	xy拾います
phrase	xy拾う	ますか	xy拾いますか
phrase	xy拾う	ません	xy拾いません
phrase	xy拾う	た	xy拾った
phrase	xy拾う	たら	xy拾ったら
phrase	xy拾う	て	xy拾って
phrase	xy拾う	ている	xy拾っている
phrase	xy拾う	ば	xy拾えば
phrase	xy拾う	れば	xy拾えば
phrase	xy拾う	れる	xy拾える
phrase	xy拾う	れない	xy拾えない
phrase	xy拾う	える	xy拾う
phrase	xy拾う	えない	xy拾う
phrase	xy拾う	う	xy拾う
phrase	xy飲む	とき	xy飲むとき
phrase	xy飲む	ない	xy飲まない
phrase	xy飲む	なかった	xy飲まなかった
phrase	xy飲む	ます	xy飲みます
phrase	xy飲む	ますか	xy飲みますか
phrase	xy飲む	ません	xy飲みません
phrase	xy飲む	た	xy飲んだ
phrase	xy飲む	たら	xy飲んだら
phrase	xy飲む	て	xy飲んで
phrase	xy飲む	ている	xy飲んでいる
phrase	xy飲む	ば	xy飲めば
phrase	xy飲む	れば	xy飲めば
phrase	xy飲む	れる	xy飲める
phrase	xy飲む	れない	xy飲めない
phrase	xy飲む	える	xy飲む
phrase	xy飲む	えない	xy飲む
phrase	xy飲む	う	xy飲む
phrase	xy錆びる	とき	xy錆びるとき
phrase	xy錆びる	ない	xy錆びない
phrase	xy錆びる	なかった	xy錆びなかった
phrase	xy錆びる	ます	xy錆びます
phrase	xy錆びる	ますか	xy錆びますか
phrase	xy錆びる	ません	xy錆びません
phrase	xy錆びる	た	xy錆びた
phrase	xy錆びる	たら	xy錆びたら
phrase	xy錆びる	て	xy錆びて
phrase	xy錆びる	ている	xy錆びている
phrase	xy錆びる	ば	xy錆びれば
phrase	xy錆びる	れば	xy錆びれば
phrase	xy錆びる	れる	xy錆びれる
phrase	xy錆びる	れない	xy錆びれない
phrase	xy錆びる	える	xy錆びえる
phrase	xy錆びる	えない	xy錆びえない
phrase	xy錆びる	う	xy錆びう
phrase	xy濡らす	とき	xy濡らすとき
phrase	xy濡らす	ない	xy濡らさない
phrase	xy濡らす	なかった	xy濡らさなかった
phrase	xy濡らす	ます	xy濡らします
phrase	xy濡らす	ますか	xy濡らしますか
phrase	xy濡らす	ません	xy濡らしません
phrase	xy濡らす	た	xy濡らした
phrase	xy濡らす	たら	xy濡らしたら
phrase	xy濡らす	て	xy濡らして
phrase	xy濡らす	ている	xy濡らしている
phrase	xy濡らす	ば	xy濡らせば
phrase	xy濡らす	れば	xy濡らせば
phrase	xy濡らす	れる	xy濡らせる
phrase	xy濡らす	れない	xy濡らせない
phrase	xy濡らす	える	xy濡らす
phrase	xy濡らす	えない	xy濡らす
phrase	xy濡らす	う	xy濡らす
phrase	xy浸す	とき	xy浸すとき
phrase	xy浸す	ない	xy浸さない
phrase	xy浸す	なかった	xy浸さなかった
phrase	xy浸す	ます	xy浸します
phrase	xy浸す	ますか	xy浸しますか
phrase	xy浸す	ません	xy浸しません
phrase	xy浸す	た	xy浸した
phrase	xy浸す	たら	xy浸したら
phrase	xy浸す	て	xy浸して
phrase	xy浸す	ている	xy浸している
phrase	xy浸す	ば	xy浸せば
phrase	xy浸す	れば	xy浸せば
phrase	xy浸す	れる	xy浸せる
phrase	xy浸す	れない	xy浸せない
phrase	xy浸す	える	xy浸す
phrase	xy浸す	えない	xy浸す
phrase	xy浸す	う	xy浸す
phrase	xy使う	とき	xy使うとき
phrase	xy使う	ない	xy使わない
phrase	xy使う	なかった	xy使わなかった
phrase	xy使う	ます	xy使います
phrase	xy使う	ますか	xy使いますか
phrase	xy使う	ません	xy使いません
phrase	xy使う	た	xy使った
phrase	xy使う	たら	xy使ったら
phrase	xy使う	て	xy使って
phrase	xy使う	ている	xy使っている
phrase	xy使う	ば	xy使えば
phrase	xy使う	れば	xy使えば
phrase	xy使う	れる	xy使える
phrase	xy使う	れない	xy使えない
phrase	xy使う	える	xy使う
phrase	xy使う	えない	xy使う
phrase	xy使う	う	xy使う
phrase	xy打つ	とき	xy打つとき
phrase	xy打つ	ない	xy打たない
phrase	xy打つ	なかった	xy打たなかった
phrase	xy打つ	ます	xy打ちます
phrase	xy打つ	ますか	xy打ちますか
phrase	xy打つ	ません	xy打ちません
phrase	xy打つ	た	xy打った
phrase	xy打つ	たら	xy打ったら
phrase	xy打つ	て	xy打って
phrase	xy打つ	ている	xy打っている
phrase	xy打つ	ば	xy打てば
phrase	xy打つ	れば	xy打てば
phrase	xy打つ	れる	xy打てる
phrase	xy打つ	れない	xy打てない
phrase	xy打つ	える	xy打つ
phrase	xy打つ	えない	xy打つ
phrase	xy打つ	う	xy打つ
phrase	xy浮く	とき	xy浮くとき
phrase	xy浮く	ない	xy浮かない
phrase	xy浮く	なかった	xy浮かなかった
phrase	xy浮く	ます	xy浮きます
phrase	xy浮く	ますか	xy浮きますか
phrase	xy浮く	ません	xy浮きません
phrase	xy浮く	た	xy浮いた
phrase	xy浮く	たら	xy浮いたら
phrase	xy浮く	て	xy浮いて
phrase	xy浮く	ている	xy浮いている
phrase	xy浮く	ば	xy浮けば
phrase	xy浮く	れば	xy浮けば
phrase	xy浮く	れる	xy浮ける
phrase	xy浮く	れない	xy浮けない
phrase	xy浮く	える	xy浮く
phrase	xy浮く	えない	xy浮く
phrase	xy浮く	う	xy浮く
phrase	xy飛ぶ	とき	xy飛ぶとき
phrase	xy飛ぶ	ない	xy飛ばない
phrase	xy飛ぶ	なかった	xy飛ばなかった
phrase	xy飛ぶ	ます	xy飛びます
phrase	xy飛ぶ	ますか	xy飛びますか
phrase	xy飛ぶ	ません	xy飛びません
phrase	xy飛ぶ	た	xy飛んだ
phrase	xy飛ぶ	たら	xy飛んだら
phrase	xy飛ぶ	て	xy飛んで
phrase	xy飛ぶ	ている	xy飛んでいる
phrase	xy飛ぶ	ば	xy飛べば
phrase	xy飛ぶ	れば	xy飛べば
phrase	xy飛ぶ	れる	xy飛べる
phrase	xy飛ぶ	れない	xy飛べない
phrase	xy飛ぶ	える	xy飛ぶ
phrase	xy飛ぶ	えない	xy飛ぶ
phrase	xy飛ぶ	う	xy飛ぶ
phrase	xy滑る	とき	xy滑るとき
phrase	xy滑る	ない	xy滑らない
phrase	xy滑る	なかった	xy滑らなかった
phrase	xy滑る	ます	xy滑ります
phrase	xy滑る	ますか	xy滑りますか
phrase	xy滑る	ません	xy滑りません
phrase	xy滑る	た	xy滑った
phrase	xy滑る	たら	xy滑ったら
phrase	xy滑る	て	xy滑って
phrase	xy滑る	ている	xy滑っている
phrase	xy滑る	ば	xy滑れば
phrase	xy滑る	れば	xy滑れば
phrase	xy滑る	れる	xy滑れる
phrase	xy滑る	れない	xy滑れない
phrase	xy滑る	える	xy滑る
phrase	xy滑る	えない	xy滑る
phrase	xy滑る	う	xy滑る
phrase	xy出る	とき	xy出るとき
phrase	xy出る	ない	xy出ない
phrase	xy出る	なかった	xy出なかった
phrase	xy出る	ます	xy出ます
phrase	xy出る	ますか	xy出ますか
phrase	xy出る	ません	xy出ません
phrase	xy出る	た	xy出た
phrase	xy出る	たら	xy出たら
phrase	xy出る	て	xy出て
phrase	xy出る	ている	xy出ている
phrase	xy出る	ば	xy出れば
phrase	xy出る	れば	xy出られば
phrase	xy出る	れる	xy出られる
phrase	xy出る	れない	xy出られない
phrase	xy出る	える	xy出える
phrase	xy出る	えない	xy出えない
phrase	xy出る	う	xy出う
phrase	xyはいずる	とき	xyはいずるとき
phrase	xyはいずる	ない	xyはいずらない
phrase	xyはいずる	なかった	xyはいずらなかった
phrase	xyはいずる	ます	xyはいずります
phrase	xyはいずる	ますか	xyはいずりますか
phrase	xyはいずる	ません	xyはいずりません
phrase	xyはいずる	た	xyはいずった
phrase	xyはいずる	たら	xyはいずったら
phrase	xyはいずる	て	xyはいずって
phrase	xyはいずる	ている	xyはいずっている
phrase	xyはいずる	ば	xyはいずれば
phrase	xyはいずる	れば	xyはいずれば
phrase	xyはいずる	れる	xyはいずれる
phrase	xyはいずる	れない	xyはいずれない
phrase	xyはいずる	える	xyはいずる
phrase	xyはいずる	えない	xyはいずる
phrase	xyはいずる	う	xyはいずる
phrase	xy踏む	とき	xy踏むとき
phrase	xy踏む	ない	xy踏まない
phrase	xy踏む	なかった	xy踏まなかった
phrase	xy踏む	ます	xy踏みます
phrase	xy踏む	ますか	xy踏みますか
phrase	xy踏む	ません	xy踏みません
phrase	xy踏む	た	xy踏んだ
phrase	xy踏む	たら	xy踏んだら
phrase	xy踏む	て	xy踏んで
phrase	xy踏む	ている	xy踏んでいる
phrase	xy踏む	ば	xy踏めば
phrase	xy踏む	れば	xy踏めば
phrase	xy踏む	れる	xy踏める
phrase	xy踏む	れない	xy踏めない
phrase	xy踏む	える	xy踏む
phrase	xy踏む	えない	xy踏む
phrase	xy踏む	う	xy踏む
phrase	xyつまずく	とき	xyつまずくとき
phrase	xyつまずく	ない	xyつまずかない
phrase	xyつまずく	なかった	xyつまずかなかった
phrase	xyつまずく	ます	xyつまずきます
phrase	xyつまずく	ますか	xyつまずきますか
phrase	xyつまずく	ません	xyつまずきません
phrase	xyつまずく	た	xyつまずいた
phrase	xyつまずく	たら	xyつまずいたら
phrase	xyつまずく	て	xyつまずいて
phrase	xyつまずく	ている	xyつまずいている
phrase	xyつまずく	ば	xyつまずけば
phrase	xyつまずく	れば	xyつまずけば
phrase	xyつまずく	れる	xyつまずける
phrase	xyつまずく	れない	xyつまずけない
phrase	xyつまずく	える	xyつまずく
phrase	xyつまずく	えない	xyつまずく
phrase	xyつまずく	う	xyつまずく
phrase	xyかける	とき	xyかけるとき
phrase	xyかける	ない	xyかけない
phrase	xyかける	なかった	xyかけなかった
phrase	xyかける	ます	xyかけます
phrase	xyかける	ますか	xyかけますか
phrase	xyかける	ません	xyかけません
phrase	xyかける	た	xyかけた
phrase	xyかける	たら	xyかけたら
phrase	xyかける	て	xyかけて
phrase	xyかける	ている	xyかけている
phrase	xyかける	ば	xyかければ
phrase	xyかける	れば	xyかければ
phrase	xyかける	れる	xyかけれる
phrase	xyかける	れない	xyかけれない
phrase	xyかける	える	xyかけえる
phrase	xyかける	えない	xyかけえない
phrase	xyかける	う	xyかけう
phrase	xyあける	とき	xyあけるとき
phrase	xyあける	ない	xyあけない
phrase	xyあける	なかった	xyあけなかった
phrase	xyあける	ます	xyあけます
phrase	xyあける	ますか	xyあけますか
phrase	xyあける	ません	xyあけません
phrase	xyあける	た	xyあけた
phrase	xyあける	たら	xyあけたら
phrase	xyあける	て	xyあけて
phrase	xyあける	ている	xyあけている
phrase	xyあける	ば	xyあければ
phrase	xyあける	れば	xyあけられば
phrase	xyあける	れる	xyあけられる
phrase	xyあける	れない	xyあけられない
phrase	xyあける	える	xyあけえる
phrase	xyあける	えない	xyあけえない
phrase	xyあける	う	xyあけう
phrase	xy開ける	とき	xy開けるとき
phrase	xy開ける	ない	xy開けない
phrase	xy開ける	なかった	xy開けなかった
phrase	xy開ける	ます	xy開けます
phrase	xy開ける	ますか	xy開けますか
phrase	xy開ける	ません	xy開けません
phrase	xy開ける	た	xy開けた
phrase	xy開ける	たら	xy開けたら
phrase	xy開ける	て	xy開けて
phrase	xy開ける	ている	xy開けている
phrase	xy開ける	ば	xy開ければ
phrase	xy開ける	れば	xy開けられば
phrase	xy開ける	れる	xy開けられる
phrase	xy開ける	れない	xy開けられない
phrase	xy開ける	える	xy開けえる
phrase	xy開ける	えない	xy開けえない
phrase	xy開ける	う	xy開けう
phrase	xy塗る	とき	xy塗るとき
phrase	xy塗る	ない	xy塗らない
phrase	xy塗る	なかった	xy塗らなかった
phrase	xy塗る	ます	xy塗ります
phrase	xy塗る	ますか	xy塗りますか
phrase	xy塗る	ません	xy塗りません
phrase	xy塗る	た	xy塗った
phrase	xy塗る	たら	xy塗ったら
phrase	xy塗る	て	xy塗って
phrase	xy塗る	ている	xy塗っている
phrase	xy塗る	ば	xy塗れば
phrase	xy塗る	れば	xy塗れば
phrase	xy塗る	れる	xy塗れる
phrase	xy塗る	れない	xy塗れない
phrase	xy塗る	える	xy塗る
phrase	xy塗る	えない	xy塗る
phrase	xy塗る	う	xy塗る
phrase	xy加える	とき	xy加えるとき
phrase	xy加える	ない	xy加えない
phrase	xy加える	なかった	xy加えなかった
phrase	xy加える	ます	xy加えます
phrase	xy加える	ますか	xy加えますか
phrase	xy加える	ません	xy加えません
phrase	xy加える	た	xy加えた
phrase	xy加える	たら	xy加えたら
phrase	xy加える	て	xy加えて
phrase	xy加える	ている	xy加えている
phrase	xy加える	ば	xy加えれば
phrase	xy加える	れば	xy加えられば
phrase	xy加える	れる	xy加えられる
phrase	xy加える	れない	xy加えられない
phrase	xy加える	える	xy加ええる
phrase	xy加える	えない	xy加ええない
phrase	xy加える	う	xy加えう
phrase	xy刻む	とき	xy刻むとき
phrase	xy刻む	ない	xy刻まない
phrase	xy刻む	なかった	xy刻まなかった
phrase	xy刻む	ます	xy刻みます
phrase	xy刻む	ますか	xy刻みますか
phrase	xy刻む	ません	xy刻みません
phrase	xy刻む	た	xy刻んだ
phrase	xy刻む	たら	xy刻んだら
phrase	xy刻む	て	xy刻んで
phrase	xy刻む	ている	xy刻んでいる
phrase	xy刻む	ば	xy刻めば
phrase	xy刻む	れば	xy刻めば
phrase	xy刻む	れる	xy刻める
phrase	xy刻む	れない	xy刻めない
phrase	xy刻む	える	xy刻む
phrase	xy刻む	えない	xy刻む
phrase	xy刻む	う	xy刻む
phrase	xyこます	とき	xyこますとき
phrase	xyこます	ない	xyこまさない
phrase	xyこます	なかった	xyこまさなかった
phrase	xyこます	ます	xyこまします
phrase	xyこます	ますか	xyこましますか
phrase	xyこます	ません	xyこましません
phrase	xyこます	た	xyこました
phrase	xyこます	たら	xyこましたら
phrase	xyこます	て	xyこまして
phrase	xyこます	ている	xyこましている
phrase	xyこます	ば	xyこませば
phrase	xyこます	れば	xyこませば
phrase	xyこます	れる	xyこませる
phrase	xyこます	れない	xyこませない
phrase	xyこます	える	xyこます
phrase	xyこます	えない	xyこます
phrase	xyこます	う	xyこます
phrase	xy名づける	とき	xy名づけるとき
phrase	xy名づける	ない	xy名づけない
phrase	xy名づける	なかった	xy名づけなかった
phrase	xy名づける	ます	xy名づけます
phrase	xy名づける	ますか	xy名づけますか
phrase	xy名づける	ません	xy名づけません
phrase	xy名づける	た	xy名づけた
phrase	xy名づける	たら	xy名づけたら
phrase	xy名づける	て	xy名づけて
phrase	xy名づける	ている	xy名づけている
phrase	xy名づける	ば	xy名づければ
phrase	xy名づける	れば	xy名づけられば
phrase	xy名づける	れる	xy名づけられる
phrase	xy名づける	れない	xy名づけられない
phrase	xy名づける	える	xy名づけえる
phrase	xy名づける	えない	xy名づけえない
phrase	xy名づける	う	xy名づけう
phrase	xy呼ぶ	とき	xy呼ぶとき
phrase	xy呼ぶ	ない	xy呼ばない
phrase	xy呼ぶ	なかった	xy呼ばなかった
phrase	xy呼ぶ	ます	xy呼びます
phrase	xy呼ぶ	ますか	xy呼びますか
phrase	xy呼ぶ	ません	xy呼びません
phrase	xy呼ぶ	た	xy呼んだ
phrase	xy呼ぶ	たら	xy呼んだら
phrase	xy呼ぶ	て	xy呼んで
phrase	xy呼ぶ	ている	xy呼んでいる
phrase	xy呼ぶ	ば	xy呼べば
phrase	xy呼ぶ	れば	xy呼べば
phrase	xy呼ぶ	れる	xy呼べる
phrase	xy呼ぶ	れない	xy呼べない
phrase	xy呼ぶ	える	xy呼ぶ
phrase	xy呼ぶ	えない	xy呼ぶ
phrase	xy呼ぶ	う	xy呼ぶ
phrase	xy焼く	とき	xy焼くとき
phrase	xy焼く	ない	xy焼かない
phrase	xy焼く	なかった	xy焼かなかった
phrase	xy焼く	ます	xy焼きます
phrase	xy焼く	ますか	xy焼きますか
phrase	xy焼く	ません	xy焼きません
phrase	xy焼く	た	xy焼いた
phrase	xy焼く	たら	xy焼いたら
phrase	xy焼く	て	xy焼いて
phrase	xy焼く	ている	xy焼いている
phrase	xy焼く	ば	xy焼けば
phrase	xy焼く	れば	xy焼けば
phrase	xy焼く	れる	xy焼ける
phrase	xy焼く	れない	xy焼けない
phrase	xy焼く	える	xy焼く
phrase	xy焼く	えない	xy焼く
phrase	xy焼く	う	xy焼く
phrase	xyつける	とき	xyつけるとき
phrase	xyつける	ない	xyつけない
phrase	xyつける	なかった	xyつけなかった
phrase	xyつける	ます	xyつけます
phrase	xyつける	ますか	xyつけますか
phrase	xyつける	ません	xyつけません
phrase	xyつける	た	xyつけた
phrase	xyつける	たら	xyつけたら
phrase	xyつける	て	xyつけて
phrase	xyつける	ている	xyつけている
phrase	xyつける	ば	xyつければ
phrase	xyつける	れば	xyつけられば
phrase	xyつける	れる	xyつけられる
phrase	xyつける	れない	xyつけられない
phrase	xyつける	える	xyつけえる
phrase	xyつける	えない	xyつけえない
phrase	xyつける	う	xyつけう
phrase	xy壊す	とき	xy壊すとき
phrase	xy壊す	ない	xy壊さない
phrase	xy壊す	なかった	xy壊さなかった
phrase	xy壊す	ます	xy壊します
phrase	xy壊す	ますか	xy壊しますか
phrase	xy壊す	ません	xy壊しません
phrase	xy壊す	た	xy壊した
phrase	xy壊す	たら	xy壊したら
phrase	xy壊す	て	xy壊して
phrase	xy壊す	ている	xy壊している
phrase	xy壊す	ば	xy壊せば
phrase	xy壊す	れば	xy壊せば
phrase	xy壊す	れる	xy壊せる
phrase	xy壊す	れない	xy壊せない
phrase	xy壊す	える	xy壊す
phrase	xy壊す	えない	xy壊す
phrase	xy壊す	う	xy壊す
phrase	xyはめる	とき	xyはめるとき
phrase	xyはめる	ない	xyはめない
phrase	xyはめる	なかった	xyはめなかった
phrase	xyはめる	ます	xyはめます
phrase	xyはめる	ますか	xyはめますか
phrase	xyはめる	ません	xyはめません
phrase	xyはめる	た	xyはめた
phrase	xyはめる	たら	xyはめたら
phrase	xyはめる	て	xyはめて
phrase	xyはめる	ている	xyはめている
phrase	xyはめる	ば	xyはめれば
phrase	xyはめる	れば	xyはめれば
phrase	xyはめる	れる	xyはめれる
phrase	xyはめる	れない	xyはめれない
phrase	xyはめる	える	xyはめえる
phrase	xyはめる	えない	xyはめえない
phrase	xyはめる	う	xyはめう
phrase	xyかぶる	とき	xyかぶるとき
phrase	xyかぶる	ない	xyかぶらない
phrase	xyかぶる	なかった	xyかぶらなかった
phrase	xyかぶる	ます	xyかぶります
phrase	xyかぶる	ますか	xyかぶりますか
phrase	xyかぶる	ません	xyかぶりません
phrase	xyかぶる	た	xyかぶった
phrase	xyかぶる	たら	xyかぶったら
phrase	xyかぶる	て	xyかぶって
phrase	xyかぶる	ている	xyかぶっている
phrase	xyかぶる	ば	xyかぶれば
phrase	xyかぶる	れば	xyかぶれば
phrase	xyかぶる	れる	xyかぶれる
phrase	xyかぶる	れない	xyかぶれない
phrase	xyかぶる	える	xyかぶる
phrase	xyかぶる	えない	xyかぶる
phrase	xyかぶる	う	xyかぶる
phrase	xy構える	とき	xy構えるとき
phrase	xy構える	ない	xy構えない
phrase	xy構える	なかった	xy構えなかった
phrase	xy構える	ます	xy構えます
phrase	xy構える	ますか	xy構えますか
phrase	xy構える	ません	xy構えません
phrase	xy構える	た	xy構えた
phrase	xy構える	たら	xy構えたら
phrase	xy構える	て	xy構えて
phrase	xy構える	ている	xy構えている
phrase	xy構える	ば	xy構えれば
phrase	xy構える	れば	xy構えられば
phrase	xy構える	れる	xy構えられる
phrase	xy構える	れない	xy構えられない
phrase	xy構える	える	xy構ええる
phrase	xy構える	えない	xy構ええない
phrase	xy構える	う	xy構えう
phrase	xy納める	とき	xy納めるとき
phrase	xy納める	ない	xy納めない
phrase	xy納める	なかった	xy納めなかった
phrase	xy納める	ます	xy納めます
phrase	xy納める	ますか	xy納めますか
phrase	xy納める	ません	xy納めません
phrase	xy納める	た	xy納めた
phrase	xy納める	たら	xy納めたら
phrase	xy納める	て	xy納めて
phrase	xy納める	ている	xy納めている
phrase	xy納める	ば	xy納めれば
phrase	xy納める	れば	xy納められば
phrase	xy納める	れる	xy納められる
phrase	xy納める	れない	xy納められない
phrase	xy納める	える	xy納めえる
phrase	xy納める	えない	xy納めえない
phrase	xy納める	う	xy納めう
phrase	xy取る	とき	xy取るとき
phrase	xy取る	ない	xy取らない
phrase	xy取る	なかった	xy取らなかった
phrase	xy取る	ます	xy取ります
phrase	xy取る	ますか	xy取りますか
phrase	xy取る	ません	xy取りません
phrase	xy取る	た	xy取った
phrase	xy取る	たら	xy取ったら
phrase	xy取る	て	xy取って
phrase	xy取る	ている	xy取っている
phrase	xy取る	ば	xy取れば
phrase	xy取る	れば	xy取れば
phrase	xy取る	れる	xy取れる
phrase	xy取る	れない	xy取れない
phrase	xy取る	える	xy取る
phrase	xy取る	えない	xy取る
phrase	xy取る	う	xy取る
phrase	xy守る	とき	xy守るとき
phrase	xy守る	ない	xy守らない
phrase	xy守る	なかった	xy守らなかった
phrase	xy守る	ます	xy守ります
phrase	xy守る	ますか	xy守りますか
phrase	xy守る	ません	xy守りません
phrase	xy守る	た	xy守った
phrase	xy守る	たら	xy守ったら
phrase	xy守る	て	xy守って
phrase	xy守る	ている	xy守っている
phrase	xy守る	ば	xy守れば
phrase	xy守る	れば	xy守れば
phrase	xy守る	れる	xy守れる
phrase	xy守る	れない	xy守れない
phrase	xy守る	える	xy守る
phrase	xy守る	えない	xy守る
phrase	xy守る	う	xy守る
phrase	xy解く	とき	xy解くとき
phrase	xy解く	ない	xy解かない
phrase	xy解く	なかった	xy解かなかった
phrase	xy解く	ます	xy解きます
phrase	xy解く	ますか	xy解きますか
phrase	xy解く	ません	xy解きません
phrase	xy解く	た	xy解いた
phrase	xy解く	たら	xy解いたら
phrase	xy解く	て	xy解いて
phrase	xy解く	ている	xy解いている
phrase	xy解く	ば	xy解けば
phrase	xy解く	れば	xy解けば
phrase	xy解く	れる	xy解ける
phrase	xy解く	れない	xy解けない
phrase	xy解く	える	xy解く
phrase	xy解く	えない	xy解く
phrase	xy解く	う	xy解く
phrase	xy込む	とき	xy込むとき
phrase	xy込む	ない	xy込まない
phrase	xy込む	なかった	xy込まなかった
phrase	xy込む	ます	xy込みます
phrase	xy込む	ますか	xy込みますか
phrase	xy込む	ません	xy込みません
phrase	xy込む	た	xy込んだ
phrase	xy込む	たら	xy込んだら
phrase	xy込む	て	xy込んで
phrase	xy込む	ている	xy込んでいる
phrase	xy込む	ば	xy込めば
phrase	xy込む	れば	xy込めば
phrase	xy込む	れる	xy込める
phrase	xy込む	れない	xy込めない
phrase	xy込む	える	xy込む
phrase	xy込む	えない	xy込む
phrase	xy込む	う	xy込む
phrase	xyとばす	とき	xyとばすとき
phrase	xyとばす	ない	xyとばさない
phrase	xyとばす	なかった	xyとばさなかった
phrase	xyとばす	ます	xyとばします
phrase	xyとばす	ますか	xyとばしますか
phrase	xyとばす	ません	xyとばしません
phrase	xyとばす	た	xyとばした
phrase	xyとばす	たら	xyとばしたら
phrase	xyとばす	て	xyとばして
phrase	xyとばす	ている	xyとばしている
phrase	xyとばす	ば	xyとばせば
phrase	xyとばす	れば	xyとばせば
phrase	xyとばす	れる	xyとばせる
phrase	xyとばす	れない	xyとばせない
phrase	xyとばす	える	xyとばす
phrase	xyとばす	えない	xyとばす
phrase	xyとばす	う	xyとばす
phrase	xy回す	とき	xy回すとき
phrase	xy回す	ない	xy回さない
phrase	xy回す	なかった	xy回さなかった
phrase	xy回す	ます	xy回します
phrase	xy回す	ますか	xy回しますか
phrase	xy回す	ません	xy回しません
phrase	xy回す	た	xy回した
phrase	xy回す	たら	xy回したら
phrase	xy回す	て	xy回して
phrase	xy回す	ている	xy回している
phrase	xy回す	ば	xy回せば
phrase	xy回す	れば	xy回せば
phrase	xy回す	れる	xy回せる
phrase	xy回す	れない	xy回せない
phrase	xy回す	える	xy回す
phrase	xy回す	えない	xy回す
phrase	xy回す	う	xy回す
phrase	xy握る	とき	xy握るとき
phrase	xy握る	ない	xy握らない
phrase	xy握る	なかった	xy握らなかった
phrase	xy握る	ます	xy握ります
phrase	xy握る	ますか	xy握りますか
phrase	xy握る	ません	xy握りません
phrase	xy握る	た	xy握った
phrase	xy握る	たら	xy握ったら
phrase	xy握る	て	xy握って
phrase	xy握る	ている	xy握っている
phrase	xy握る	ば	xy握れば
phrase	xy握る	れば	xy握れば
phrase	xy握る	れる	xy握れる
phrase	xy握る	れない	xy握れない
phrase	xy握る	える	xy握る
phrase	xy握る	えない	xy握る
phrase	xy握る	う	xy握る
phrase	xyひっかける	とき	xyひっかけるとき
phrase	xyひっかける	ない	xyひっかけない
phrase	xyひっかける	なかった	xyひっかけなかった
phrase	xyひっかける	ます	xyひっかけます
phrase	xyひっかける	ますか	xyひっかけますか
phrase	xyひっかける	ません	xyひっかけません
phrase	xyひっかける	た	xyひっかけた
phrase	xyひっかける	たら	xyひっかけたら
phrase	xyひっかける	て	xyひっかけて
phrase	xyひっかける	ている	xyひっかけている
phrase	xyひっかける	ば	xyひっかければ
phrase	xyひっかける	れば	xyひっかければ
phrase	xyひっかける	れる	xyひっかけれる
phrase	xyひっかける	れない	xyひっかけれない
phrase	xyひっかける	える	xyひっかけえる
phrase	xyひっかける	えない	xyひっかけえない
phrase	xyひっかける	う	xyひっかけう
phrase	xyはさむ	とき	xyはさむとき
phrase	xyはさむ	ない	xyはさまない
phrase	xyはさむ	なかった	xyはさまなかった
phrase	xyはさむ	ます	xyはさみます
phrase	xyはさむ	ますか	xyはさみますか
phrase	xyはさむ	ません	xyはさみません
phrase	xyはさむ	た	xyはさんだ
phrase	xyはさむ	たら	xyはさんだら
phrase	xyはさむ	て	xyはさんで
phrase	xyはさむ	ている	xyはさんでいる
phrase	xyはさむ	ば	xyはさめば
phrase	xyはさむ	れば	xyはさめば
phrase	xyはさむ	れる	xyはさめる
phrase	xyはさむ	れない	xyはさめない
phrase	xyはさむ	える	xyはさむ
phrase	xyはさむ	えない	xyはさむ
phrase	xyはさむ	う	xyはさむ
phrase	xy持つ	とき	xy持つとき
phrase	xy持つ	ない	xy持たない
phrase	xy持つ	なかった	xy持たなかった
phrase	xy持つ	ます	xy持ちます
phrase	xy持つ	ますか	xy持ちますか
phrase	xy持つ	ません	xy持ちません
phrase	xy持つ	た	xy持った
phrase	xy持つ	たら	xy持ったら
phrase	xy持つ	て	xy持って
phrase	xy持つ	ている	xy持っている
phrase	xy持つ	ば	xy持てば
phrase	xy持つ	れば	xy持てば
phrase	xy持つ	れる	xy持てる
phrase	xy持つ	れない	xy持てない
phrase	xy持つ	える	xy持つ
phrase	xy持つ	えない	xy持つ
phrase	xy持つ	う	xy持つ
phrase	xy巻く	とき	xy巻くとき
phrase	xy巻く	ない	xy巻かない
phrase	xy巻く	なかった	xy巻かなかった
phrase	xy巻く	ます	xy巻きます
phrase	xy巻く	ますか	xy巻きますか
phrase	xy巻く	ません	xy巻きません
phrase	xy巻く	た	xy巻いた
phrase	xy巻く	たら	xy巻いたら
phrase	xy巻く	て	xy巻いて
phrase	xy巻く	ている	xy巻いている
phrase	xy巻く	ば	xy巻けば
phrase	xy巻く	れば	xy巻けば
phrase	xy巻く	れる	xy巻ける
phrase	xy巻く	れない	xy巻けない
phrase	xy巻く	える	xy巻く
phrase	xy巻く	えない	xy巻く
phrase	xy巻く	う	xy巻く
phrase	xy履く	とき	xy履くとき
phrase	xy履く	ない	xy履かない
phrase	xy履く	なかった	xy履かなかった
phrase	xy履く	ます	xy履きます
phrase	xy履く	ますか	xy履きますか
phrase	xy履く	ません	xy履きません
phrase	xy履く	た	xy履いた
phrase	xy履く	たら	xy履いたら
phrase	xy履く	て	xy履いて
phrase	xy履く	ている	xy履いている
phrase	xy履く	ば	xy履けば
phrase	xy履く	れば	xy履けば
phrase	xy履く	れる	xy履ける
phrase	xy履く	れない	xy履けない
phrase	xy履く	える	xy履く
phrase	xy履く	えない	xy履く
phrase	xy履く	う	xy履く
phrase	xy噛みつく	とき	xy噛みつくとき
phrase	xy噛みつく	ない	xy噛みつかない
phrase	xy噛みつく	なかった	xy噛みつかなかった
phrase	xy噛みつく	ます	xy噛みつきます
phrase	xy噛みつく	ますか	xy噛みつきますか
phrase	xy噛みつく	ません	xy噛みつきません
phrase	xy噛みつく	た	xy噛みついた
phrase	xy噛みつく	たら	xy噛みついたら
phrase	xy噛みつく	て	xy噛みついて
phrase	xy噛みつく	ている	xy噛みついている
phrase	xy噛みつく	ば	xy噛みつけば
phrase	xy噛みつく	れば	xy噛みつけば
phrase	xy噛みつく	れる	xy噛みつける
phrase	xy噛みつく	れない	xy噛みつけない
phrase	xy噛みつく	える	xy噛みつく
phrase	xy噛みつく	えない	xy噛みつく
phrase	xy噛みつく	う	xy噛みつく
unknown	zzz	とき	zzz
unknown	zzz	ない	zzz
unknown	zzz	なかった	zzz
unknown	zzz	ます	zzz
unknown	zzz	ますか	zzz
unknown	zzz	ません	zzz
unknown	zzz	た	zzz
unknown	zzz	たら	zzz
unknown	zzz	て	zzz
unknown	zzz	ている	zzz
unknown	zzz	ば	zzz
unknown	zzz	れば	zzz
unknown	zzz	れる	zzz
unknown	zzz	れない	zzz
unknown	zzz	える	zzz
unknown	zzz	えない	zzz
unknown	zzz	う	zzz
