kanji1	0	0000000000000000000000000000000000000000000000000000
kanji2	0	0000000000000000000000000000000000000000000000000000
kanji1	1	10101010101010101010101010100
kanji2	1	01010101010101010101010101010
kanji1	2	000101000010100000
kanji2	2	000010100001010000
kanji1	3	10101010101010101010101010101010101010100
kanji2	3	01010101010101010101010101010101010101010
kanji1	4	1010101010101010100
kanji2	4	0101010101010101010
kanji1	5	010100101010101010101010101010100
kanji2	5	001010010101010101010101010101010
kanji1	6	10100
kanji2	6	01010
kanji1	7	00
kanji2	7	00
kanji1	8	101010101010101010101010101010101010101010100
kanji2	8	010101010101010101010101010101010101010101010
split	0	0	[]	[hello world, this is a long ascii line for wrapping]
split	0	1	[]	[hello world, this is a long ascii line for wrapping]
split	0	2	[]	[hello world, this is a long ascii line for wrapping]
split	0	3	[]	[hello world, this is a long ascii line for wrapping]
split	0	4	[]	[hello world, this is a long ascii line for wrapping]
split	0	5	[hello ]	[world, this is a long ascii line for wrapping]
split	0	6	[hello ]	[world, this is a long ascii line for wrapping]
split	0	7	[hello ]	[world, this is a long ascii line for wrapping]
split	0	8	[hello ]	[world, this is a long ascii line for wrapping]
split	0	9	[hello ]	[world, this is a long ascii line for wrapping]
split	0	10	[hello ]	[world, this is a long ascii line for wrapping]
split	0	11	[hello ]	[world, this is a long ascii line for wrapping]
split	0	12	[hello world, ]	[this is a long ascii line for wrapping]
split	0	13	[hello world, ]	[this is a long ascii line for wrapping]
split	0	14	[hello world, ]	[this is a long ascii line for wrapping]
split	0	15	[hello world, ]	[this is a long ascii line for wrapping]
split	0	16	[hello world, ]	[this is a long ascii line for wrapping]
split	0	17	[hello world, this ]	[is a long ascii line for wrapping]
split	0	18	[hello world, this ]	[is a long ascii line for wrapping]
split	0	19	[hello world, this ]	[is a long ascii line for wrapping]
split	0	20	[hello world, this is ]	[a long ascii line for wrapping]
split	0	21	[hello world, this is ]	[a long ascii line for wrapping]
split	0	22	[hello world, this is a ]	[long ascii line for wrapping]
split	0	23	[hello world, this is a ]	[long ascii line for wrapping]
split	0	24	[hello world, this is a ]	[long ascii line for wrapping]
split	0	25	[hello world, this is a ]	[long ascii line for wrapping]
split	0	26	[hello world, this is a ]	[long ascii line for wrapping]
split	0	27	[hello world, this is a long ]	[ascii line for wrapping]
split	0	28	[hello world, this is a long ]	[ascii line for wrapping]
split	0	29	[hello world, this is a long ]	[ascii line for wrapping]
split	0	30	[hello world, this is a long ]	[ascii line for wrapping]
split	0	31	[hello world, this is a long ]	[ascii line for wrapping]
split	0	32	[hello world, this is a long ]	[ascii line for wrapping]
split	0	33	[hello world, this is a long ascii ]	[line for wrapping]
split	0	34	[hello world, this is a long ascii ]	[line for wrapping]
split	0	35	[hello world, this is a long ascii ]	[line for wrapping]
split	0	36	[hello world, this is a long ascii ]	[line for wrapping]
split	0	37	[hello world, this is a long ascii ]	[line for wrapping]
split	0	38	[hello world, this is a long ascii line ]	[for wrapping]
split	0	39	[hello world, this is a long ascii line ]	[for wrapping]
split	0	40	[hello world, this is a long ascii line ]	[for wrapping]
split	0	41	[hello world, this is a long ascii line ]	[for wrapping]
split	0	42	[hello world, this is a long ascii line for ]	[wrapping]
split	0	43	[hello world, this is a long ascii line for ]	[wrapping]
split	0	44	[hello world, this is a long ascii line for ]	[wrapping]
split	0	45	[hello world, this is a long ascii line for ]	[wrapping]
split	0	46	[hello world, this is a long ascii line for ]	[wrapping]
split	0	47	[hello world, this is a long ascii line for ]	[wrapping]
split	0	48	[hello world, this is a long ascii line for ]	[wrapping]
split	0	49	[hello world, this is a long ascii line for ]	[wrapping]
split	0	50	[hello world, this is a long ascii line for ]	[wrapping]
split	0	51	[hello world, this is a long ascii line for ]	[wrapping]
split	0	52	[hello world, this is a long ascii line for wrapping]	[]
split	0	53	[hello world, this is a long ascii line for wrapping]	[]
split	1	0	[]	[これは日本語のテキストです。]
split	1	1	[]	[これは日本語のテキストです。]
split	1	2	[こ]	[れは日本語のテキストです。]
split	1	3	[こ]	[れは日本語のテキストです。]
split	1	4	[これ]	[は日本語のテキストです。]
split	1	5	[これ]	[は日本語のテキストです。]
split	1	6	[これは]	[日本語のテキストです。]
split	1	7	[これは]	[日本語のテキストです。]
split	1	8	[これは日]	[本語のテキストです。]
split	1	9	[これは日]	[本語のテキストです。]
split	1	10	[これは日本]	[語のテキストです。]
split	1	11	[これは日本]	[語のテキストです。]
split	1	12	[これは日本語]	[のテキストです。]
split	1	13	[これは日本語]	[のテキストです。]
split	1	14	[これは日本語の]	[テキストです。]
split	1	15	[これは日本語の]	[テキストです。]
split	1	16	[これは日本語のテ]	[キストです。]
split	1	17	[これは日本語のテ]	[キストです。]
split	1	18	[これは日本語のテキ]	[ストです。]
split	1	19	[これは日本語のテキ]	[ストです。]
split	1	20	[これは日本語のテキス]	[トです。]
split	1	21	[これは日本語のテキス]	[トです。]
split	1	22	[これは日本語のテキスト]	[です。]
split	1	23	[これは日本語のテキスト]	[です。]
split	1	24	[これは日本語のテキストで]	[す。]
split	1	25	[これは日本語のテキストで]	[す。]
split	1	26	[これは日本語のテキストで]	[す。]
split	1	27	[これは日本語のテキストで]	[す。]
split	1	28	[これは日本語のテキストで]	[す。]
split	1	29	[これは日本語のテキストです。]	[]
split	1	30	[これは日本語のテキストです。]	[]
split	2	0	[]	[abc漢字def漢字ghi]
split	2	1	[]	[abc漢字def漢字ghi]
split	2	2	[]	[abc漢字def漢字ghi]
split	2	3	[abc]	[漢字def漢字ghi]
split	2	4	[abc]	[漢字def漢字ghi]
split	2	5	[abc漢]	[字def漢字ghi]
split	2	6	[abc漢]	[字def漢字ghi]
split	2	7	[abc漢]	[字def漢字ghi]
split	2	8	[abc漢]	[字def漢字ghi]
split	2	9	[abc漢]	[字def漢字ghi]
split	2	10	[abc漢字def]	[漢字ghi]
split	2	11	[abc漢字def]	[漢字ghi]
split	2	12	[abc漢字def漢]	[字ghi]
split	2	13	[abc漢字def漢]	[字ghi]
split	2	14	[abc漢字def漢]	[字ghi]
split	2	15	[abc漢字def漢]	[字ghi]
split	2	16	[abc漢字def漢]	[字ghi]
split	2	17	[abc漢字def漢]	[字ghi]
split	2	18	[abc漢字def漢字ghi]	[]
split	2	19	[abc漢字def漢字ghi]	[]
split	3	0	[]	[あなたは剣を拾った。それは呪われている！]
split	3	1	[]	[あなたは剣を拾った。それは呪われている！]
split	3	2	[あ]	[なたは剣を拾った。それは呪われている！]
split	3	3	[あ]	[なたは剣を拾った。それは呪われている！]
split	3	4	[あな]	[たは剣を拾った。それは呪われている！]
split	3	5	[あな]	[たは剣を拾った。それは呪われている！]
split	3	6	[あなた]	[は剣を拾った。それは呪われている！]
split	3	7	[あなた]	[は剣を拾った。それは呪われている！]
split	3	8	[あなたは]	[剣を拾った。それは呪われている！]
split	3	9	[あなたは]	[剣を拾った。それは呪われている！]
split	3	10	[あなたは剣]	[を拾った。それは呪われている！]
split	3	11	[あなたは剣]	[を拾った。それは呪われている！]
split	3	12	[あなたは剣を]	[拾った。それは呪われている！]
split	3	13	[あなたは剣を]	[拾った。それは呪われている！]
split	3	14	[あなたは剣を拾]	[った。それは呪われている！]
split	3	15	[あなたは剣を拾]	[った。それは呪われている！]
split	3	16	[あなたは剣を拾っ]	[た。それは呪われている！]
split	3	17	[あなたは剣を拾っ]	[た。それは呪われている！]
split	3	18	[あなたは剣を拾っ]	[た。それは呪われている！]
split	3	19	[あなたは剣を拾っ]	[た。それは呪われている！]
split	3	20	[あなたは剣を拾った。]	[それは呪われている！]
split	3	21	[あなたは剣を拾った。]	[それは呪われている！]
split	3	22	[あなたは剣を拾った。そ]	[れは呪われている！]
split	3	23	[あなたは剣を拾った。そ]	[れは呪われている！]
split	3	24	[あなたは剣を拾った。それ]	[は呪われている！]
split	3	25	[あなたは剣を拾った。それ]	[は呪われている！]
split	3	26	[あなたは剣を拾った。それは]	[呪われている！]
split	3	27	[あなたは剣を拾った。それは]	[呪われている！]
split	3	28	[あなたは剣を拾った。それは呪]	[われている！]
split	3	29	[あなたは剣を拾った。それは呪]	[われている！]
split	3	30	[あなたは剣を拾った。それは呪わ]	[れている！]
split	3	31	[あなたは剣を拾った。それは呪わ]	[れている！]
split	3	32	[あなたは剣を拾った。それは呪われ]	[ている！]
split	3	33	[あなたは剣を拾った。それは呪われ]	[ている！]
split	3	34	[あなたは剣を拾った。それは呪われて]	[いる！]
split	3	35	[あなたは剣を拾った。それは呪われて]	[いる！]
split	3	36	[あなたは剣を拾った。それは呪われてい]	[る！]
split	3	37	[あなたは剣を拾った。それは呪われてい]	[る！]
split	3	38	[あなたは剣を拾った。それは呪われてい]	[る！]
split	3	39	[あなたは剣を拾った。それは呪われてい]	[る！]
split	3	40	[あなたは剣を拾った。それは呪われてい]	[る！]
split	3	41	[あなたは剣を拾った。それは呪われている！]	[]
split	3	42	[あなたは剣を拾った。それは呪われている！]	[]
split	4	0	[]	[ｱｲｳｴｵ半角カナ]
split	4	1	[]	[ｱｲｳｴｵ半角カナ]
split	4	2	[ｱ]	[ｲｳｴｵ半角カナ]
split	4	3	[ｱ]	[ｲｳｴｵ半角カナ]
split	4	4	[ｱｲ]	[ｳｴｵ半角カナ]
split	4	5	[ｱｲ]	[ｳｴｵ半角カナ]
split	4	6	[ｱｲｳ]	[ｴｵ半角カナ]
split	4	7	[ｱｲｳ]	[ｴｵ半角カナ]
split	4	8	[ｱｲｳｴ]	[ｵ半角カナ]
split	4	9	[ｱｲｳｴ]	[ｵ半角カナ]
split	4	10	[ｱｲｳｴｵ]	[半角カナ]
split	4	11	[ｱｲｳｴｵ]	[半角カナ]
split	4	12	[ｱｲｳｴｵ半]	[角カナ]
split	4	13	[ｱｲｳｴｵ半]	[角カナ]
split	4	14	[ｱｲｳｴｵ半角]	[カナ]
split	4	15	[ｱｲｳｴｵ半角]	[カナ]
split	4	16	[ｱｲｳｴｵ半角カ]	[ナ]
split	4	17	[ｱｲｳｴｵ半角カ]	[ナ]
split	4	18	[ｱｲｳｴｵ半角カ]	[ナ]
split	4	19	[ｱｲｳｴｵ半角カナ]	[]
split	4	20	[ｱｲｳｴｵ半角カナ]	[]
split	5	0	[]	[[括弧]と（全角）と｛波括弧｝の話]
split	5	1	[[]	[括弧]と（全角）と｛波括弧｝の話]
split	5	2	[[]	[括弧]と（全角）と｛波括弧｝の話]
split	5	3	[[括]	[弧]と（全角）と｛波括弧｝の話]
split	5	4	[[括]	[弧]と（全角）と｛波括弧｝の話]
split	5	5	[[括]	[弧]と（全角）と｛波括弧｝の話]
split	5	6	[[括弧]]	[と（全角）と｛波括弧｝の話]
split	5	7	[[括弧]]	[と（全角）と｛波括弧｝の話]
split	5	8	[[括弧]と]	[（全角）と｛波括弧｝の話]
split	5	9	[[括弧]と]	[（全角）と｛波括弧｝の話]
split	5	10	[[括弧]と（]	[全角）と｛波括弧｝の話]
split	5	11	[[括弧]と（]	[全角）と｛波括弧｝の話]
split	5	12	[[括弧]と（全]	[角）と｛波括弧｝の話]
split	5	13	[[括弧]と（全]	[角）と｛波括弧｝の話]
split	5	14	[[括弧]と（全角]	[）と｛波括弧｝の話]
split	5	15	[[括弧]と（全角]	[）と｛波括弧｝の話]
split	5	16	[[括弧]と（全角）]	[と｛波括弧｝の話]
split	5	17	[[括弧]と（全角）]	[と｛波括弧｝の話]
split	5	18	[[括弧]と（全角）と]	[｛波括弧｝の話]
split	5	19	[[括弧]と（全角）と]	[｛波括弧｝の話]
split	5	20	[[括弧]と（全角）と｛]	[波括弧｝の話]
split	5	21	[[括弧]と（全角）と｛]	[波括弧｝の話]
split	5	22	[[括弧]と（全角）と｛波]	[括弧｝の話]
split	5	23	[[括弧]と（全角）と｛波]	[括弧｝の話]
split	5	24	[[括弧]と（全角）と｛波括]	[弧｝の話]
split	5	25	[[括弧]と（全角）と｛波括]	[弧｝の話]
split	5	26	[[括弧]と（全角）と｛波括弧]	[｝の話]
split	5	27	[[括弧]と（全角）と｛波括弧]	[｝の話]
split	5	28	[[括弧]と（全角）と｛波括弧｝]	[の話]
split	5	29	[[括弧]と（全角）と｛波括弧｝]	[の話]
split	5	30	[[括弧]と（全角）と｛波括弧｝の]	[話]
split	5	31	[[括弧]と（全角）と｛波括弧｝の]	[話]
split	5	32	[[括弧]と（全角）と｛波括弧｝の]	[話]
split	5	33	[[括弧]と（全角）と｛波括弧｝の話]	[]
split	5	34	[[括弧]と（全角）と｛波括弧｝の話]	[]
split	6	0	[]	[短い]
split	6	1	[]	[短い]
split	6	2	[短]	[い]
split	6	3	[短]	[い]
split	6	4	[短]	[い]
split	6	5	[短い]	[]
split	6	6	[短い]	[]
split	7	0	[]	[a]
split	7	1	[]	[a]
split	7	2	[a]	[]
split	7	3	[a]	[]
split	8	0	[]	[これは、とても、長い、日本語の、文章、です。]
split	8	1	[]	[これは、とても、長い、日本語の、文章、です。]
split	8	2	[こ]	[れは、とても、長い、日本語の、文章、です。]
split	8	3	[こ]	[れは、とても、長い、日本語の、文章、です。]
split	8	4	[これ]	[は、とても、長い、日本語の、文章、です。]
split	8	5	[これ]	[は、とても、長い、日本語の、文章、です。]
split	8	6	[これ]	[は、とても、長い、日本語の、文章、です。]
split	8	7	[これ]	[は、とても、長い、日本語の、文章、です。]
split	8	8	[これは、]	[とても、長い、日本語の、文章、です。]
split	8	9	[これは、]	[とても、長い、日本語の、文章、です。]
split	8	10	[これは、と]	[ても、長い、日本語の、文章、です。]
split	8	11	[これは、と]	[ても、長い、日本語の、文章、です。]
split	8	12	[これは、とて]	[も、長い、日本語の、文章、です。]
split	8	13	[これは、とて]	[も、長い、日本語の、文章、です。]
split	8	14	[これは、とて]	[も、長い、日本語の、文章、です。]
split	8	15	[これは、とて]	[も、長い、日本語の、文章、です。]
split	8	16	[これは、とても、]	[長い、日本語の、文章、です。]
split	8	17	[これは、とても、]	[長い、日本語の、文章、です。]
split	8	18	[これは、とても、長]	[い、日本語の、文章、です。]
split	8	19	[これは、とても、長]	[い、日本語の、文章、です。]
split	8	20	[これは、とても、長]	[い、日本語の、文章、です。]
split	8	21	[これは、とても、長]	[い、日本語の、文章、です。]
split	8	22	[これは、とても、長い、]	[日本語の、文章、です。]
split	8	23	[これは、とても、長い、]	[日本語の、文章、です。]
split	8	24	[これは、とても、長い、日]	[本語の、文章、です。]
split	8	25	[これは、とても、長い、日]	[本語の、文章、です。]
split	8	26	[これは、とても、長い、日本]	[語の、文章、です。]
split	8	27	[これは、とても、長い、日本]	[語の、文章、です。]
split	8	28	[これは、とても、長い、日本語]	[の、文章、です。]
split	8	29	[これは、とても、長い、日本語]	[の、文章、です。]
split	8	30	[これは、とても、長い、日本語]	[の、文章、です。]
split	8	31	[これは、とても、長い、日本語]	[の、文章、です。]
split	8	32	[これは、とても、長い、日本語の、]	[文章、です。]
split	8	33	[これは、とても、長い、日本語の、]	[文章、です。]
split	8	34	[これは、とても、長い、日本語の、文]	[章、です。]
split	8	35	[これは、とても、長い、日本語の、文]	[章、です。]
split	8	36	[これは、とても、長い、日本語の、文]	[章、です。]
split	8	37	[これは、とても、長い、日本語の、文]	[章、です。]
split	8	38	[これは、とても、長い、日本語の、文章、]	[です。]
split	8	39	[これは、とても、長い、日本語の、文章、]	[です。]
split	8	40	[これは、とても、長い、日本語の、文章、で]	[す。]
split	8	41	[これは、とても、長い、日本語の、文章、で]	[す。]
split	8	42	[これは、とても、長い、日本語の、文章、で]	[す。]
split	8	43	[これは、とても、長い、日本語の、文章、で]	[す。]
split	8	44	[これは、とても、長い、日本語の、文章、で]	[す。]
split	8	45	[これは、とても、長い、日本語の、文章、です。]	[]
split	8	46	[これは、とても、長い、日本語の、文章、です。]	[]
rndm	0	0	[喚]
rndm	0	1	[慣]
rndm	0	2	[諌]
rndm	0	3	[還]
rndm	1	0	[ぱ]
rndm	1	1	[ぬ]
rndm	1	2	[ゃ]
rndm	1	3	[へ]
rndm	2	0	[ベ]
rndm	2	1	[ォ]
rndm	2	2	[ュ]
rndm	2	3	[ゲ]
rndm	3	0	[Ｇ]
rndm	3	1	[Ｃ]
rndm	3	2	[Ｆ]
rndm	3	3	[Ｘ]
rndm	4	0	[３]
rndm	4	1	[５]
rndm	4	2	[５]
rndm	4	3	[０]
rndm	5	0	[Ο]
rndm	5	1	[Τ]
rndm	5	2	[Π]
rndm	5	3	[Θ]
rndm	6	0	[А]
rndm	6	1	[Я]
rndm	6	2	[Н]
rndm	6	3	[Т]
rndm	7	0	[碗]
rndm	7	1	[郎]
rndm	7	2	[労]
rndm	7	3	[鰐]
rndm	8	0	[遙]
rndm	8	1	[遙]
rndm	8	2	[瑤]
rndm	8	3	[瑤]
rndm	9	0	[¨]
rndm	9	1	[∴]
rndm	9	2	[〔]
rndm	9	3	[◎]
