kanji1	0	0000000000000000000000000000000000000000000000000000
kanji2	0	0000000000000000000000000000000000000000000000000000
kanji1	1	1001001001001001001001001001001001001001000
kanji2	1	0110110110110110110110110110110110110110110
kanji1	2	0001001000001001000000
kanji2	2	0000110110000110110000
kanji1	3	1001001001001001001001001001001001001001001001001001001001000
kanji2	3	0110110110110110110110110110110110110110110110110110110110110
kanji1	4	1001001001001001001001001000
kanji2	4	0110110110110110110110110110
kanji1	5	010010001001001001001001001001001001001001001000
kanji2	5	001101100110110110110110110110110110110110110110
kanji1	6	1001000
kanji2	6	0110110
kanji1	7	00
kanji2	7	00
kanji1	8	1001001001001001001001001001001001001001001001001001001001001001000
kanji2	8	0110110110110110110110110110110110110110110110110110110110110110110
kanji1	9	0000000000000000000000000000000000000000000000000000000000000000000
kanji2	9	0000000000000000000000000000000000000000000000000000000000000000000
kanji1	10	1001001001001001001001001001001001001001001001001001001001001001001001001001001001001001000
kanji2	10	0110110110110110110110110110110110110110110110110110110110110110110110110110110110110110110
kanji1	11	1001001001001001001001001001001001001000
kanji2	11	0110110110110110110110110110110110110110
kanji1	12	000000000000000000000000100100000000000000000000000
kanji2	12	000000000000000000000000011011000000000000000000000
kanji1	13	0000000001001001001001001001001001000
kanji2	13	0000000000110110110110110110110110110
kanji1	14	1001001001001001001001001001001001001001001001000
kanji2	14	0110110110110110110110110110110110110110110110110
kanji1	15	001000010010000100000
kanji2	15	000110001101100011000
split	0	0	[]	[hello world, this is a long ascii line for wrapping]
split	0	1	[]	[hello world, this is a long ascii line for wrapping]
split	0	2	[]	[hello world, this is a long ascii line for wrapping]
split	0	3	[]	[hello world, this is a long ascii line for wrapping]
split	0	4	[]	[hello world, this is a long ascii line for wrapping]
split	0	5	[hello ]	[world, this is a long ascii line for wrapping]
split	0	6	[hello ]	[world, this is a long ascii line for wrapping]
split	0	7	[hello ]	[world, this is a long ascii line for wrapping]
split	0	8	[hello ]	[world, this is a long ascii line for wrapping]
split	0	9	[hello ]	[world, this is a long ascii line for wrapping]
split	0	10	[hello ]	[world, this is a long ascii line for wrapping]
split	0	11	[hello ]	[world, this is a long ascii line for wrapping]
split	0	12	[hello world, ]	[this is a long ascii line for wrapping]
split	0	13	[hello world, ]	[this is a long ascii line for wrapping]
split	0	14	[hello world, ]	[this is a long ascii line for wrapping]
split	0	15	[hello world, ]	[this is a long ascii line for wrapping]
split	0	16	[hello world, ]	[this is a long ascii line for wrapping]
split	0	17	[hello world, this ]	[is a long ascii line for wrapping]
split	0	18	[hello world, this ]	[is a long ascii line for wrapping]
split	0	19	[hello world, this ]	[is a long ascii line for wrapping]
split	0	20	[hello world, this is ]	[a long ascii line for wrapping]
split	0	21	[hello world, this is ]	[a long ascii line for wrapping]
split	0	22	[hello world, this is a ]	[long ascii line for wrapping]
split	0	23	[hello world, this is a ]	[long ascii line for wrapping]
split	0	24	[hello world, this is a ]	[long ascii line for wrapping]
split	0	25	[hello world, this is a ]	[long ascii line for wrapping]
split	0	26	[hello world, this is a ]	[long ascii line for wrapping]
split	0	27	[hello world, this is a long ]	[ascii line for wrapping]
split	0	28	[hello world, this is a long ]	[ascii line for wrapping]
split	0	29	[hello world, this is a long ]	[ascii line for wrapping]
split	0	30	[hello world, this is a long ]	[ascii line for wrapping]
split	0	31	[hello world, this is a long ]	[ascii line for wrapping]
split	0	32	[hello world, this is a long ]	[ascii line for wrapping]
split	0	33	[hello world, this is a long ascii ]	[line for wrapping]
split	0	34	[hello world, this is a long ascii ]	[line for wrapping]
split	0	35	[hello world, this is a long ascii ]	[line for wrapping]
split	0	36	[hello world, this is a long ascii ]	[line for wrapping]
split	0	37	[hello world, this is a long ascii ]	[line for wrapping]
split	0	38	[hello world, this is a long ascii line ]	[for wrapping]
split	0	39	[hello world, this is a long ascii line ]	[for wrapping]
split	0	40	[hello world, this is a long ascii line ]	[for wrapping]
split	0	41	[hello world, this is a long ascii line ]	[for wrapping]
split	0	42	[hello world, this is a long ascii line for ]	[wrapping]
split	0	43	[hello world, this is a long ascii line for ]	[wrapping]
split	0	44	[hello world, this is a long ascii line for ]	[wrapping]
split	0	45	[hello world, this is a long ascii line for ]	[wrapping]
split	0	46	[hello world, this is a long ascii line for ]	[wrapping]
split	0	47	[hello world, this is a long ascii line for ]	[wrapping]
split	0	48	[hello world, this is a long ascii line for ]	[wrapping]
split	0	49	[hello world, this is a long ascii line for ]	[wrapping]
split	0	50	[hello world, this is a long ascii line for ]	[wrapping]
split	0	51	[hello world, this is a long ascii line for ]	[wrapping]
split	0	52	[hello world, this is a long ascii line for wrapping]	[]
split	0	53	[hello world, this is a long ascii line for wrapping]	[]
split	1	0	[]	[これは日本語のテキストです。]
split	1	1	[]	[これは日本語のテキストです。]
split	1	2	[]	[これは日本語のテキストです。]
split	1	3	[こ]	[れは日本語のテキストです。]
split	1	4	[こ]	[れは日本語のテキストです。]
split	1	5	[こ]	[れは日本語のテキストです。]
split	1	6	[これ]	[は日本語のテキストです。]
split	1	7	[これ]	[は日本語のテキストです。]
split	1	8	[これ]	[は日本語のテキストです。]
split	1	9	[これは]	[日本語のテキストです。]
split	1	10	[これは]	[日本語のテキストです。]
split	1	11	[これは]	[日本語のテキストです。]
split	1	12	[これは日]	[本語のテキストです。]
split	1	13	[これは日]	[本語のテキストです。]
split	1	14	[これは日]	[本語のテキストです。]
split	1	15	[これは日本]	[語のテキストです。]
split	1	16	[これは日本]	[語のテキストです。]
split	1	17	[これは日本]	[語のテキストです。]
split	1	18	[これは日本語]	[のテキストです。]
split	1	19	[これは日本語]	[のテキストです。]
split	1	20	[これは日本語]	[のテキストです。]
split	1	21	[これは日本語の]	[テキストです。]
split	1	22	[これは日本語の]	[テキストです。]
split	1	23	[これは日本語の]	[テキストです。]
split	1	24	[これは日本語のテ]	[キストです。]
split	1	25	[これは日本語のテ]	[キストです。]
split	1	26	[これは日本語のテ]	[キストです。]
split	1	27	[これは日本語のテキ]	[ストです。]
split	1	28	[これは日本語のテキ]	[ストです。]
split	1	29	[これは日本語のテキ]	[ストです。]
split	1	30	[これは日本語のテキス]	[トです。]
split	1	31	[これは日本語のテキス]	[トです。]
split	1	32	[これは日本語のテキス]	[トです。]
split	1	33	[これは日本語のテキスト]	[です。]
split	1	34	[これは日本語のテキスト]	[です。]
split	1	35	[これは日本語のテキスト]	[です。]
split	1	36	[これは日本語のテキストで]	[す。]
split	1	37	[これは日本語のテキストで]	[す。]
split	1	38	[これは日本語のテキストで]	[す。]
split	1	39	[これは日本語のテキストで]	[す。]
split	1	40	[これは日本語のテキストで]	[す。]
split	1	41	[これは日本語のテキストで]	[す。]
split	1	42	[これは日本語のテキストで]	[す。]
split	1	43	[これは日本語のテキストです。]	[]
split	1	44	[これは日本語のテキストです。]	[]
split	2	0	[]	[abc漢字def漢字ghi]
split	2	1	[]	[abc漢字def漢字ghi]
split	2	2	[]	[abc漢字def漢字ghi]
split	2	3	[abc]	[漢字def漢字ghi]
split	2	4	[abc]	[漢字def漢字ghi]
split	2	5	[abc]	[漢字def漢字ghi]
split	2	6	[abc漢]	[字def漢字ghi]
split	2	7	[abc漢]	[字def漢字ghi]
split	2	8	[abc漢]	[字def漢字ghi]
split	2	9	[abc漢]	[字def漢字ghi]
split	2	10	[abc漢]	[字def漢字ghi]
split	2	11	[abc漢]	[字def漢字ghi]
split	2	12	[abc漢字def]	[漢字ghi]
split	2	13	[abc漢字def]	[漢字ghi]
split	2	14	[abc漢字def]	[漢字ghi]
split	2	15	[abc漢字def漢]	[字ghi]
split	2	16	[abc漢字def漢]	[字ghi]
split	2	17	[abc漢字def漢]	[字ghi]
split	2	18	[abc漢字def漢]	[字ghi]
split	2	19	[abc漢字def漢]	[字ghi]
split	2	20	[abc漢字def漢]	[字ghi]
split	2	21	[abc漢字def漢]	[字ghi]
split	2	22	[abc漢字def漢字ghi]	[]
split	2	23	[abc漢字def漢字ghi]	[]
split	3	0	[]	[あなたは剣を拾った。それは呪われている！]
split	3	1	[]	[あなたは剣を拾った。それは呪われている！]
split	3	2	[]	[あなたは剣を拾った。それは呪われている！]
split	3	3	[あ]	[なたは剣を拾った。それは呪われている！]
split	3	4	[あ]	[なたは剣を拾った。それは呪われている！]
split	3	5	[あ]	[なたは剣を拾った。それは呪われている！]
split	3	6	[あな]	[たは剣を拾った。それは呪われている！]
split	3	7	[あな]	[たは剣を拾った。それは呪われている！]
split	3	8	[あな]	[たは剣を拾った。それは呪われている！]
split	3	9	[あなた]	[は剣を拾った。それは呪われている！]
split	3	10	[あなた]	[は剣を拾った。それは呪われている！]
split	3	11	[あなた]	[は剣を拾った。それは呪われている！]
split	3	12	[あなたは]	[剣を拾った。それは呪われている！]
split	3	13	[あなたは]	[剣を拾った。それは呪われている！]
split	3	14	[あなたは]	[剣を拾った。それは呪われている！]
split	3	15	[あなたは剣]	[を拾った。それは呪われている！]
split	3	16	[あなたは剣]	[を拾った。それは呪われている！]
split	3	17	[あなたは剣]	[を拾った。それは呪われている！]
split	3	18	[あなたは剣を]	[拾った。それは呪われている！]
split	3	19	[あなたは剣を]	[拾った。それは呪われている！]
split	3	20	[あなたは剣を]	[拾った。それは呪われている！]
split	3	21	[あなたは剣を拾]	[った。それは呪われている！]
split	3	22	[あなたは剣を拾]	[った。それは呪われている！]
split	3	23	[あなたは剣を拾]	[った。それは呪われている！]
split	3	24	[あなたは剣を拾っ]	[た。それは呪われている！]
split	3	25	[あなたは剣を拾っ]	[た。それは呪われている！]
split	3	26	[あなたは剣を拾っ]	[た。それは呪われている！]
split	3	27	[あなたは剣を拾っ]	[た。それは呪われている！]
split	3	28	[あなたは剣を拾っ]	[た。それは呪われている！]
split	3	29	[あなたは剣を拾っ]	[た。それは呪われている！]
split	3	30	[あなたは剣を拾った。]	[それは呪われている！]
split	3	31	[あなたは剣を拾った。]	[それは呪われている！]
split	3	32	[あなたは剣を拾った。]	[それは呪われている！]
split	3	33	[あなたは剣を拾った。そ]	[れは呪われている！]
split	3	34	[あなたは剣を拾った。そ]	[れは呪われている！]
split	3	35	[あなたは剣を拾った。そ]	[れは呪われている！]
split	3	36	[あなたは剣を拾った。それ]	[は呪われている！]
split	3	37	[あなたは剣を拾った。それ]	[は呪われている！]
split	3	38	[あなたは剣を拾った。それ]	[は呪われている！]
split	3	39	[あなたは剣を拾った。それは]	[呪われている！]
split	3	40	[あなたは剣を拾った。それは]	[呪われている！]
split	3	41	[あなたは剣を拾った。それは]	[呪われている！]
split	3	42	[あなたは剣を拾った。それは呪]	[われている！]
split	3	43	[あなたは剣を拾った。それは呪]	[われている！]
split	3	44	[あなたは剣を拾った。それは呪]	[われている！]
split	3	45	[あなたは剣を拾った。それは呪わ]	[れている！]
split	3	46	[あなたは剣を拾った。それは呪わ]	[れている！]
split	3	47	[あなたは剣を拾った。それは呪わ]	[れている！]
split	3	48	[あなたは剣を拾った。それは呪われ]	[ている！]
split	3	49	[あなたは剣を拾った。それは呪われ]	[ている！]
split	3	50	[あなたは剣を拾った。それは呪われ]	[ている！]
split	3	51	[あなたは剣を拾った。それは呪われて]	[いる！]
split	3	52	[あなたは剣を拾った。それは呪われて]	[いる！]
split	3	53	[あなたは剣を拾った。それは呪われて]	[いる！]
split	3	54	[あなたは剣を拾った。それは呪われてい]	[る！]
split	3	55	[あなたは剣を拾った。それは呪われてい]	[る！]
split	3	56	[あなたは剣を拾った。それは呪われてい]	[る！]
split	3	57	[あなたは剣を拾った。それは呪われてい]	[る！]
split	3	58	[あなたは剣を拾った。それは呪われてい]	[る！]
split	3	59	[あなたは剣を拾った。それは呪われてい]	[る！]
split	3	60	[あなたは剣を拾った。それは呪われてい]	[る！]
split	3	61	[あなたは剣を拾った。それは呪われている！]	[]
split	3	62	[あなたは剣を拾った。それは呪われている！]	[]
split	4	0	[]	[ｱｲｳｴｵ半角カナ]
split	4	1	[]	[ｱｲｳｴｵ半角カナ]
split	4	2	[]	[ｱｲｳｴｵ半角カナ]
split	4	3	[ｱ]	[ｲｳｴｵ半角カナ]
split	4	4	[ｱ]	[ｲｳｴｵ半角カナ]
split	4	5	[ｱ]	[ｲｳｴｵ半角カナ]
split	4	6	[ｱｲ]	[ｳｴｵ半角カナ]
split	4	7	[ｱｲ]	[ｳｴｵ半角カナ]
split	4	8	[ｱｲ]	[ｳｴｵ半角カナ]
split	4	9	[ｱｲｳ]	[ｴｵ半角カナ]
split	4	10	[ｱｲｳ]	[ｴｵ半角カナ]
split	4	11	[ｱｲｳ]	[ｴｵ半角カナ]
split	4	12	[ｱｲｳｴ]	[ｵ半角カナ]
split	4	13	[ｱｲｳｴ]	[ｵ半角カナ]
split	4	14	[ｱｲｳｴ]	[ｵ半角カナ]
split	4	15	[ｱｲｳｴｵ]	[半角カナ]
split	4	16	[ｱｲｳｴｵ]	[半角カナ]
split	4	17	[ｱｲｳｴｵ]	[半角カナ]
split	4	18	[ｱｲｳｴｵ半]	[角カナ]
split	4	19	[ｱｲｳｴｵ半]	[角カナ]
split	4	20	[ｱｲｳｴｵ半]	[角カナ]
split	4	21	[ｱｲｳｴｵ半角]	[カナ]
split	4	22	[ｱｲｳｴｵ半角]	[カナ]
split	4	23	[ｱｲｳｴｵ半角]	[カナ]
split	4	24	[ｱｲｳｴｵ半角カ]	[ナ]
split	4	25	[ｱｲｳｴｵ半角カ]	[ナ]
split	4	26	[ｱｲｳｴｵ半角カ]	[ナ]
split	4	27	[ｱｲｳｴｵ半角カ]	[ナ]
split	4	28	[ｱｲｳｴｵ半角カナ]	[]
split	4	29	[ｱｲｳｴｵ半角カナ]	[]
split	5	0	[]	[[括弧]と（全角）と｛波括弧｝の話]
split	5	1	[[]	[括弧]と（全角）と｛波括弧｝の話]
split	5	2	[[]	[括弧]と（全角）と｛波括弧｝の話]
split	5	3	[[]	[括弧]と（全角）と｛波括弧｝の話]
split	5	4	[[括]	[弧]と（全角）と｛波括弧｝の話]
split	5	5	[[括]	[弧]と（全角）と｛波括弧｝の話]
split	5	6	[[括]	[弧]と（全角）と｛波括弧｝の話]
split	5	7	[[括]	[弧]と（全角）と｛波括弧｝の話]
split	5	8	[[括弧]]	[と（全角）と｛波括弧｝の話]
split	5	9	[[括弧]]	[と（全角）と｛波括弧｝の話]
split	5	10	[[括弧]]	[と（全角）と｛波括弧｝の話]
split	5	11	[[括弧]と]	[（全角）と｛波括弧｝の話]
split	5	12	[[括弧]と]	[（全角）と｛波括弧｝の話]
split	5	13	[[括弧]と]	[（全角）と｛波括弧｝の話]
split	5	14	[[括弧]と（]	[全角）と｛波括弧｝の話]
split	5	15	[[括弧]と（]	[全角）と｛波括弧｝の話]
split	5	16	[[括弧]と（]	[全角）と｛波括弧｝の話]
split	5	17	[[括弧]と（全]	[角）と｛波括弧｝の話]
split	5	18	[[括弧]と（全]	[角）と｛波括弧｝の話]
split	5	19	[[括弧]と（全]	[角）と｛波括弧｝の話]
split	5	20	[[括弧]と（全角]	[）と｛波括弧｝の話]
split	5	21	[[括弧]と（全角]	[）と｛波括弧｝の話]
split	5	22	[[括弧]と（全角]	[）と｛波括弧｝の話]
split	5	23	[[括弧]と（全角）]	[と｛波括弧｝の話]
split	5	24	[[括弧]と（全角）]	[と｛波括弧｝の話]
split	5	25	[[括弧]と（全角）]	[と｛波括弧｝の話]
split	5	26	[[括弧]と（全角）と]	[｛波括弧｝の話]
split	5	27	[[括弧]と（全角）と]	[｛波括弧｝の話]
split	5	28	[[括弧]と（全角）と]	[｛波括弧｝の話]
split	5	29	[[括弧]と（全角）と｛]	[波括弧｝の話]
split	5	30	[[括弧]と（全角）と｛]	[波括弧｝の話]
split	5	31	[[括弧]と（全角）と｛]	[波括弧｝の話]
split	5	32	[[括弧]と（全角）と｛波]	[括弧｝の話]
split	5	33	[[括弧]と（全角）と｛波]	[括弧｝の話]
split	5	34	[[括弧]と（全角）と｛波]	[括弧｝の話]
split	5	35	[[括弧]と（全角）と｛波括]	[弧｝の話]
split	5	36	[[括弧]と（全角）と｛波括]	[弧｝の話]
split	5	37	[[括弧]と（全角）と｛波括]	[弧｝の話]
split	5	38	[[括弧]と（全角）と｛波括弧]	[｝の話]
split	5	39	[[括弧]と（全角）と｛波括弧]	[｝の話]
split	5	40	[[括弧]と（全角）と｛波括弧]	[｝の話]
split	5	41	[[括弧]と（全角）と｛波括弧｝]	[の話]
split	5	42	[[括弧]と（全角）と｛波括弧｝]	[の話]
split	5	43	[[括弧]と（全角）と｛波括弧｝]	[の話]
split	5	44	[[括弧]と（全角）と｛波括弧｝の]	[話]
split	5	45	[[括弧]と（全角）と｛波括弧｝の]	[話]
split	5	46	[[括弧]と（全角）と｛波括弧｝の]	[話]
split	5	47	[[括弧]と（全角）と｛波括弧｝の]	[話]
split	5	48	[[括弧]と（全角）と｛波括弧｝の話]	[]
split	5	49	[[括弧]と（全角）と｛波括弧｝の話]	[]
split	6	0	[]	[短い]
split	6	1	[]	[短い]
split	6	2	[]	[短い]
split	6	3	[短]	[い]
split	6	4	[短]	[い]
split	6	5	[短]	[い]
split	6	6	[短]	[い]
split	6	7	[短い]	[]
split	6	8	[短い]	[]
split	7	0	[]	[a]
split	7	1	[]	[a]
split	7	2	[a]	[]
split	7	3	[a]	[]
split	8	0	[]	[これは、とても、長い、日本語の、文章、です。]
split	8	1	[]	[これは、とても、長い、日本語の、文章、です。]
split	8	2	[]	[これは、とても、長い、日本語の、文章、です。]
split	8	3	[こ]	[れは、とても、長い、日本語の、文章、です。]
split	8	4	[こ]	[れは、とても、長い、日本語の、文章、です。]
split	8	5	[こ]	[れは、とても、長い、日本語の、文章、です。]
split	8	6	[これ]	[は、とても、長い、日本語の、文章、です。]
split	8	7	[これ]	[は、とても、長い、日本語の、文章、です。]
split	8	8	[これ]	[は、とても、長い、日本語の、文章、です。]
split	8	9	[これ]	[は、とても、長い、日本語の、文章、です。]
split	8	10	[これ]	[は、とても、長い、日本語の、文章、です。]
split	8	11	[これ]	[は、とても、長い、日本語の、文章、です。]
split	8	12	[これは、]	[とても、長い、日本語の、文章、です。]
split	8	13	[これは、]	[とても、長い、日本語の、文章、です。]
split	8	14	[これは、]	[とても、長い、日本語の、文章、です。]
split	8	15	[これは、と]	[ても、長い、日本語の、文章、です。]
split	8	16	[これは、と]	[ても、長い、日本語の、文章、です。]
split	8	17	[これは、と]	[ても、長い、日本語の、文章、です。]
split	8	18	[これは、とて]	[も、長い、日本語の、文章、です。]
split	8	19	[これは、とて]	[も、長い、日本語の、文章、です。]
split	8	20	[これは、とて]	[も、長い、日本語の、文章、です。]
split	8	21	[これは、とて]	[も、長い、日本語の、文章、です。]
split	8	22	[これは、とて]	[も、長い、日本語の、文章、です。]
split	8	23	[これは、とて]	[も、長い、日本語の、文章、です。]
split	8	24	[これは、とても、]	[長い、日本語の、文章、です。]
split	8	25	[これは、とても、]	[長い、日本語の、文章、です。]
split	8	26	[これは、とても、]	[長い、日本語の、文章、です。]
split	8	27	[これは、とても、長]	[い、日本語の、文章、です。]
split	8	28	[これは、とても、長]	[い、日本語の、文章、です。]
split	8	29	[これは、とても、長]	[い、日本語の、文章、です。]
split	8	30	[これは、とても、長]	[い、日本語の、文章、です。]
split	8	31	[これは、とても、長]	[い、日本語の、文章、です。]
split	8	32	[これは、とても、長]	[い、日本語の、文章、です。]
split	8	33	[これは、とても、長い、]	[日本語の、文章、です。]
split	8	34	[これは、とても、長い、]	[日本語の、文章、です。]
split	8	35	[これは、とても、長い、]	[日本語の、文章、です。]
split	8	36	[これは、とても、長い、日]	[本語の、文章、です。]
split	8	37	[これは、とても、長い、日]	[本語の、文章、です。]
split	8	38	[これは、とても、長い、日]	[本語の、文章、です。]
split	8	39	[これは、とても、長い、日本]	[語の、文章、です。]
split	8	40	[これは、とても、長い、日本]	[語の、文章、です。]
split	8	41	[これは、とても、長い、日本]	[語の、文章、です。]
split	8	42	[これは、とても、長い、日本語]	[の、文章、です。]
split	8	43	[これは、とても、長い、日本語]	[の、文章、です。]
split	8	44	[これは、とても、長い、日本語]	[の、文章、です。]
split	8	45	[これは、とても、長い、日本語]	[の、文章、です。]
split	8	46	[これは、とても、長い、日本語]	[の、文章、です。]
split	8	47	[これは、とても、長い、日本語]	[の、文章、です。]
split	8	48	[これは、とても、長い、日本語の、]	[文章、です。]
split	8	49	[これは、とても、長い、日本語の、]	[文章、です。]
split	8	50	[これは、とても、長い、日本語の、]	[文章、です。]
split	8	51	[これは、とても、長い、日本語の、文]	[章、です。]
split	8	52	[これは、とても、長い、日本語の、文]	[章、です。]
split	8	53	[これは、とても、長い、日本語の、文]	[章、です。]
split	8	54	[これは、とても、長い、日本語の、文]	[章、です。]
split	8	55	[これは、とても、長い、日本語の、文]	[章、です。]
split	8	56	[これは、とても、長い、日本語の、文]	[章、です。]
split	8	57	[これは、とても、長い、日本語の、文章、]	[です。]
split	8	58	[これは、とても、長い、日本語の、文章、]	[です。]
split	8	59	[これは、とても、長い、日本語の、文章、]	[です。]
split	8	60	[これは、とても、長い、日本語の、文章、で]	[す。]
split	8	61	[これは、とても、長い、日本語の、文章、で]	[す。]
split	8	62	[これは、とても、長い、日本語の、文章、で]	[す。]
split	8	63	[これは、とても、長い、日本語の、文章、で]	[す。]
split	8	64	[これは、とても、長い、日本語の、文章、で]	[す。]
split	8	65	[これは、とても、長い、日本語の、文章、で]	[す。]
split	8	66	[これは、とても、長い、日本語の、文章、で]	[す。]
split	8	67	[これは、とても、長い、日本語の、文章、です。]	[]
split	8	68	[これは、とても、長い、日本語の、文章、です。]	[]
split	9	0	[]	[abcdefghijklmnopqrstuvwxyz0123456789nospaceatallinthisverylongline]
split	9	1	[]	[abcdefghijklmnopqrstuvwxyz0123456789nospaceatallinthisverylongline]
split	9	2	[]	[abcdefghijklmnopqrstuvwxyz0123456789nospaceatallinthisverylongline]
split	9	3	[]	[abcdefghijklmnopqrstuvwxyz0123456789nospaceatallinthisverylongline]
split	9	4	[]	[abcdefghijklmnopqrstuvwxyz0123456789nospaceatallinthisverylongline]
split	9	5	[]	[abcdefghijklmnopqrstuvwxyz0123456789nospaceatallinthisverylongline]
split	9	6	[]	[abcdefghijklmnopqrstuvwxyz0123456789nospaceatallinthisverylongline]
split	9	7	[]	[abcdefghijklmnopqrstuvwxyz0123456789nospaceatallinthisverylongline]
split	9	8	[]	[abcdefghijklmnopqrstuvwxyz0123456789nospaceatallinthisverylongline]
split	9	9	[]	[abcdefghijklmnopqrstuvwxyz0123456789nospaceatallinthisverylongline]
split	9	10	[]	[abcdefghijklmnopqrstuvwxyz0123456789nospaceatallinthisverylongline]
split	9	11	[]	[abcdefghijklmnopqrstuvwxyz0123456789nospaceatallinthisverylongline]
split	9	12	[]	[abcdefghijklmnopqrstuvwxyz0123456789nospaceatallinthisverylongline]
split	9	13	[]	[abcdefghijklmnopqrstuvwxyz0123456789nospaceatallinthisverylongline]
split	9	14	[]	[abcdefghijklmnopqrstuvwxyz0123456789nospaceatallinthisverylongline]
split	9	15	[]	[abcdefghijklmnopqrstuvwxyz0123456789nospaceatallinthisverylongline]
split	9	16	[]	[abcdefghijklmnopqrstuvwxyz0123456789nospaceatallinthisverylongline]
split	9	17	[]	[abcdefghijklmnopqrstuvwxyz0123456789nospaceatallinthisverylongline]
split	9	18	[]	[abcdefghijklmnopqrstuvwxyz0123456789nospaceatallinthisverylongline]
split	9	19	[]	[abcdefghijklmnopqrstuvwxyz0123456789nospaceatallinthisverylongline]
split	9	20	[]	[abcdefghijklmnopqrstuvwxyz0123456789nospaceatallinthisverylongline]
split	9	21	[a]	[bcdefghijklmnopqrstuvwxyz0123456789nospaceatallinthisverylongline]
split	9	22	[ab]	[cdefghijklmnopqrstuvwxyz0123456789nospaceatallinthisverylongline]
split	9	23	[abc]	[defghijklmnopqrstuvwxyz0123456789nospaceatallinthisverylongline]
split	9	24	[abcd]	[efghijklmnopqrstuvwxyz0123456789nospaceatallinthisverylongline]
split	9	25	[abcde]	[fghijklmnopqrstuvwxyz0123456789nospaceatallinthisverylongline]
split	9	26	[abcdef]	[ghijklmnopqrstuvwxyz0123456789nospaceatallinthisverylongline]
split	9	27	[abcdefg]	[hijklmnopqrstuvwxyz0123456789nospaceatallinthisverylongline]
split	9	28	[abcdefgh]	[ijklmnopqrstuvwxyz0123456789nospaceatallinthisverylongline]
split	9	29	[abcdefghi]	[jklmnopqrstuvwxyz0123456789nospaceatallinthisverylongline]
split	9	30	[abcdefghij]	[klmnopqrstuvwxyz0123456789nospaceatallinthisverylongline]
split	9	31	[abcdefghijk]	[lmnopqrstuvwxyz0123456789nospaceatallinthisverylongline]
split	9	32	[abcdefghijkl]	[mnopqrstuvwxyz0123456789nospaceatallinthisverylongline]
split	9	33	[abcdefghijklm]	[nopqrstuvwxyz0123456789nospaceatallinthisverylongline]
split	9	34	[abcdefghijklmn]	[opqrstuvwxyz0123456789nospaceatallinthisverylongline]
split	9	35	[abcdefghijklmno]	[pqrstuvwxyz0123456789nospaceatallinthisverylongline]
split	9	36	[abcdefghijklmnop]	[qrstuvwxyz0123456789nospaceatallinthisverylongline]
split	9	37	[abcdefghijklmnopq]	[rstuvwxyz0123456789nospaceatallinthisverylongline]
split	9	38	[abcdefghijklmnopqr]	[stuvwxyz0123456789nospaceatallinthisverylongline]
split	9	39	[abcdefghijklmnopqrs]	[tuvwxyz0123456789nospaceatallinthisverylongline]
split	9	40	[abcdefghijklmnopqrst]	[uvwxyz0123456789nospaceatallinthisverylongline]
split	9	41	[abcdefghijklmnopqrstu]	[vwxyz0123456789nospaceatallinthisverylongline]
split	9	42	[abcdefghijklmnopqrstuv]	[wxyz0123456789nospaceatallinthisverylongline]
split	9	43	[abcdefghijklmnopqrstuvw]	[xyz0123456789nospaceatallinthisverylongline]
split	9	44	[abcdefghijklmnopqrstuvwx]	[yz0123456789nospaceatallinthisverylongline]
split	9	45	[abcdefghijklmnopqrstuvwxy]	[z0123456789nospaceatallinthisverylongline]
split	9	46	[abcdefghijklmnopqrstuvwxyz]	[0123456789nospaceatallinthisverylongline]
split	9	47	[abcdefghijklmnopqrstuvwxyz0]	[123456789nospaceatallinthisverylongline]
split	9	48	[abcdefghijklmnopqrstuvwxyz01]	[23456789nospaceatallinthisverylongline]
split	9	49	[abcdefghijklmnopqrstuvwxyz012]	[3456789nospaceatallinthisverylongline]
split	9	50	[abcdefghijklmnopqrstuvwxyz0123]	[456789nospaceatallinthisverylongline]
split	9	51	[abcdefghijklmnopqrstuvwxyz01234]	[56789nospaceatallinthisverylongline]
split	9	52	[abcdefghijklmnopqrstuvwxyz012345]	[6789nospaceatallinthisverylongline]
split	9	53	[abcdefghijklmnopqrstuvwxyz0123456]	[789nospaceatallinthisverylongline]
split	9	54	[abcdefghijklmnopqrstuvwxyz01234567]	[89nospaceatallinthisverylongline]
split	9	55	[abcdefghijklmnopqrstuvwxyz012345678]	[9nospaceatallinthisverylongline]
split	9	56	[abcdefghijklmnopqrstuvwxyz0123456789]	[nospaceatallinthisverylongline]
split	9	57	[abcdefghijklmnopqrstuvwxyz0123456789n]	[ospaceatallinthisverylongline]
split	9	58	[abcdefghijklmnopqrstuvwxyz0123456789no]	[spaceatallinthisverylongline]
split	9	59	[abcdefghijklmnopqrstuvwxyz0123456789nos]	[paceatallinthisverylongline]
split	9	60	[abcdefghijklmnopqrstuvwxyz0123456789nosp]	[aceatallinthisverylongline]
split	9	61	[abcdefghijklmnopqrstuvwxyz0123456789nospa]	[ceatallinthisverylongline]
split	9	62	[abcdefghijklmnopqrstuvwxyz0123456789nospac]	[eatallinthisverylongline]
split	9	63	[abcdefghijklmnopqrstuvwxyz0123456789nospace]	[atallinthisverylongline]
split	9	64	[abcdefghijklmnopqrstuvwxyz0123456789nospacea]	[tallinthisverylongline]
split	9	65	[abcdefghijklmnopqrstuvwxyz0123456789nospaceat]	[allinthisverylongline]
split	9	66	[abcdefghijklmnopqrstuvwxyz0123456789nospaceata]	[llinthisverylongline]
split	9	67	[abcdefghijklmnopqrstuvwxyz0123456789nospaceatallinthisverylongline]	[]
split	9	68	[abcdefghijklmnopqrstuvwxyz0123456789nospaceatallinthisverylongline]	[]
split	10	0	[]	[一二三四五六七八九十一二三四五六七八九十一二三四五六七八九十]
split	10	1	[]	[一二三四五六七八九十一二三四五六七八九十一二三四五六七八九十]
split	10	2	[]	[一二三四五六七八九十一二三四五六七八九十一二三四五六七八九十]
split	10	3	[一]	[二三四五六七八九十一二三四五六七八九十一二三四五六七八九十]
split	10	4	[一]	[二三四五六七八九十一二三四五六七八九十一二三四五六七八九十]
split	10	5	[一]	[二三四五六七八九十一二三四五六七八九十一二三四五六七八九十]
split	10	6	[一二]	[三四五六七八九十一二三四五六七八九十一二三四五六七八九十]
split	10	7	[一二]	[三四五六七八九十一二三四五六七八九十一二三四五六七八九十]
split	10	8	[一二]	[三四五六七八九十一二三四五六七八九十一二三四五六七八九十]
split	10	9	[一二三]	[四五六七八九十一二三四五六七八九十一二三四五六七八九十]
split	10	10	[一二三]	[四五六七八九十一二三四五六七八九十一二三四五六七八九十]
split	10	11	[一二三]	[四五六七八九十一二三四五六七八九十一二三四五六七八九十]
split	10	12	[一二三四]	[五六七八九十一二三四五六七八九十一二三四五六七八九十]
split	10	13	[一二三四]	[五六七八九十一二三四五六七八九十一二三四五六七八九十]
split	10	14	[一二三四]	[五六七八九十一二三四五六七八九十一二三四五六七八九十]
split	10	15	[一二三四五]	[六七八九十一二三四五六七八九十一二三四五六七八九十]
split	10	16	[一二三四五]	[六七八九十一二三四五六七八九十一二三四五六七八九十]
split	10	17	[一二三四五]	[六七八九十一二三四五六七八九十一二三四五六七八九十]
split	10	18	[一二三四五六]	[七八九十一二三四五六七八九十一二三四五六七八九十]
split	10	19	[一二三四五六]	[七八九十一二三四五六七八九十一二三四五六七八九十]
split	10	20	[一二三四五六]	[七八九十一二三四五六七八九十一二三四五六七八九十]
split	10	21	[一二三四五六七]	[八九十一二三四五六七八九十一二三四五六七八九十]
split	10	22	[一二三四五六七]	[八九十一二三四五六七八九十一二三四五六七八九十]
split	10	23	[一二三四五六七]	[八九十一二三四五六七八九十一二三四五六七八九十]
split	10	24	[一二三四五六七八]	[九十一二三四五六七八九十一二三四五六七八九十]
split	10	25	[一二三四五六七八]	[九十一二三四五六七八九十一二三四五六七八九十]
split	10	26	[一二三四五六七八]	[九十一二三四五六七八九十一二三四五六七八九十]
split	10	27	[一二三四五六七八九]	[十一二三四五六七八九十一二三四五六七八九十]
split	10	28	[一二三四五六七八九]	[十一二三四五六七八九十一二三四五六七八九十]
split	10	29	[一二三四五六七八九]	[十一二三四五六七八九十一二三四五六七八九十]
split	10	30	[一二三四五六七八九十]	[一二三四五六七八九十一二三四五六七八九十]
split	10	31	[一二三四五六七八九十]	[一二三四五六七八九十一二三四五六七八九十]
split	10	32	[一二三四五六七八九十]	[一二三四五六七八九十一二三四五六七八九十]
split	10	33	[一二三四五六七八九十一]	[二三四五六七八九十一二三四五六七八九十]
split	10	34	[一二三四五六七八九十一]	[二三四五六七八九十一二三四五六七八九十]
split	10	35	[一二三四五六七八九十一]	[二三四五六七八九十一二三四五六七八九十]
split	10	36	[一二三四五六七八九十一二]	[三四五六七八九十一二三四五六七八九十]
split	10	37	[一二三四五六七八九十一二]	[三四五六七八九十一二三四五六七八九十]
split	10	38	[一二三四五六七八九十一二]	[三四五六七八九十一二三四五六七八九十]
split	10	39	[一二三四五六七八九十一二三]	[四五六七八九十一二三四五六七八九十]
split	10	40	[一二三四五六七八九十一二三]	[四五六七八九十一二三四五六七八九十]
split	10	41	[一二三四五六七八九十一二三]	[四五六七八九十一二三四五六七八九十]
split	10	42	[一二三四五六七八九十一二三四]	[五六七八九十一二三四五六七八九十]
split	10	43	[一二三四五六七八九十一二三四]	[五六七八九十一二三四五六七八九十]
split	10	44	[一二三四五六七八九十一二三四]	[五六七八九十一二三四五六七八九十]
split	10	45	[一二三四五六七八九十一二三四五]	[六七八九十一二三四五六七八九十]
split	10	46	[一二三四五六七八九十一二三四五]	[六七八九十一二三四五六七八九十]
split	10	47	[一二三四五六七八九十一二三四五]	[六七八九十一二三四五六七八九十]
split	10	48	[一二三四五六七八九十一二三四五六]	[七八九十一二三四五六七八九十]
split	10	49	[一二三四五六七八九十一二三四五六]	[七八九十一二三四五六七八九十]
split	10	50	[一二三四五六七八九十一二三四五六]	[七八九十一二三四五六七八九十]
split	10	51	[一二三四五六七八九十一二三四五六七]	[八九十一二三四五六七八九十]
split	10	52	[一二三四五六七八九十一二三四五六七]	[八九十一二三四五六七八九十]
split	10	53	[一二三四五六七八九十一二三四五六七]	[八九十一二三四五六七八九十]
split	10	54	[一二三四五六七八九十一二三四五六七八]	[九十一二三四五六七八九十]
split	10	55	[一二三四五六七八九十一二三四五六七八]	[九十一二三四五六七八九十]
split	10	56	[一二三四五六七八九十一二三四五六七八]	[九十一二三四五六七八九十]
split	10	57	[一二三四五六七八九十一二三四五六七八九]	[十一二三四五六七八九十]
split	10	58	[一二三四五六七八九十一二三四五六七八九]	[十一二三四五六七八九十]
split	10	59	[一二三四五六七八九十一二三四五六七八九]	[十一二三四五六七八九十]
split	10	60	[一二三四五六七八九十一二三四五六七八九十]	[一二三四五六七八九十]
split	10	61	[一二三四五六七八九十一二三四五六七八九十]	[一二三四五六七八九十]
split	10	62	[一二三四五六七八九十一二三四五六七八九十]	[一二三四五六七八九十]
split	10	63	[一二三四五六七八九十一二三四五六七八九十一]	[二三四五六七八九十]
split	10	64	[一二三四五六七八九十一二三四五六七八九十一]	[二三四五六七八九十]
split	10	65	[一二三四五六七八九十一二三四五六七八九十一]	[二三四五六七八九十]
split	10	66	[一二三四五六七八九十一二三四五六七八九十一二]	[三四五六七八九十]
split	10	67	[一二三四五六七八九十一二三四五六七八九十一二]	[三四五六七八九十]
split	10	68	[一二三四五六七八九十一二三四五六七八九十一二]	[三四五六七八九十]
split	10	69	[一二三四五六七八九十一二三四五六七八九十一二三]	[四五六七八九十]
split	10	70	[一二三四五六七八九十一二三四五六七八九十一二三]	[四五六七八九十]
split	10	71	[一二三四五六七八九十一二三四五六七八九十一二三]	[四五六七八九十]
split	10	72	[一二三四五六七八九十一二三四五六七八九十一二三四]	[五六七八九十]
split	10	73	[一二三四五六七八九十一二三四五六七八九十一二三四]	[五六七八九十]
split	10	74	[一二三四五六七八九十一二三四五六七八九十一二三四]	[五六七八九十]
split	10	75	[一二三四五六七八九十一二三四五六七八九十一二三四五]	[六七八九十]
split	10	76	[一二三四五六七八九十一二三四五六七八九十一二三四五]	[六七八九十]
split	10	77	[一二三四五六七八九十一二三四五六七八九十一二三四五]	[六七八九十]
split	10	78	[一二三四五六七八九十一二三四五六七八九十一二三四五六]	[七八九十]
split	10	79	[一二三四五六七八九十一二三四五六七八九十一二三四五六]	[七八九十]
split	10	80	[一二三四五六七八九十一二三四五六七八九十一二三四五六]	[七八九十]
split	10	81	[一二三四五六七八九十一二三四五六七八九十一二三四五六七]	[八九十]
split	10	82	[一二三四五六七八九十一二三四五六七八九十一二三四五六七]	[八九十]
split	10	83	[一二三四五六七八九十一二三四五六七八九十一二三四五六七]	[八九十]
split	10	84	[一二三四五六七八九十一二三四五六七八九十一二三四五六七八]	[九十]
split	10	85	[一二三四五六七八九十一二三四五六七八九十一二三四五六七八]	[九十]
split	10	86	[一二三四五六七八九十一二三四五六七八九十一二三四五六七八]	[九十]
split	10	87	[一二三四五六七八九十一二三四五六七八九十一二三四五六七八九]	[十]
split	10	88	[一二三四五六七八九十一二三四五六七八九十一二三四五六七八九]	[十]
split	10	89	[一二三四五六七八九十一二三四五六七八九十一二三四五六七八九]	[十]
split	10	90	[一二三四五六七八九十一二三四五六七八九十一二三四五六七八九]	[十]
split	10	91	[一二三四五六七八九十一二三四五六七八九十一二三四五六七八九十]	[]
split	10	92	[一二三四五六七八九十一二三四五六七八九十一二三四五六七八九十]	[]
split	11	0	[]	[あ、い。う！え？お，か．き]
split	11	1	[]	[あ、い。う！え？お，か．き]
split	11	2	[]	[あ、い。う！え？お，か．き]
split	11	3	[]	[あ、い。う！え？お，か．き]
split	11	4	[]	[あ、い。う！え？お，か．き]
split	11	5	[]	[あ、い。う！え？お，か．き]
split	11	6	[あ、]	[い。う！え？お，か．き]
split	11	7	[あ、]	[い。う！え？お，か．き]
split	11	8	[あ、]	[い。う！え？お，か．き]
split	11	9	[あ、]	[い。う！え？お，か．き]
split	11	10	[あ、]	[い。う！え？お，か．き]
split	11	11	[あ、]	[い。う！え？お，か．き]
split	11	12	[あ、い。]	[う！え？お，か．き]
split	11	13	[あ、い。]	[う！え？お，か．き]
split	11	14	[あ、い。]	[う！え？お，か．き]
split	11	15	[あ、い。]	[う！え？お，か．き]
split	11	16	[あ、い。]	[う！え？お，か．き]
split	11	17	[あ、い。]	[う！え？お，か．き]
split	11	18	[あ、い。う！]	[え？お，か．き]
split	11	19	[あ、い。う！]	[え？お，か．き]
split	11	20	[あ、い。う！]	[え？お，か．き]
split	11	21	[あ、い。う！]	[え？お，か．き]
split	11	22	[あ、い。う！]	[え？お，か．き]
split	11	23	[あ、い。う！]	[え？お，か．き]
split	11	24	[あ、い。う！え？]	[お，か．き]
split	11	25	[あ、い。う！え？]	[お，か．き]
split	11	26	[あ、い。う！え？]	[お，か．き]
split	11	27	[あ、い。う！え？]	[お，か．き]
split	11	28	[あ、い。う！え？]	[お，か．き]
split	11	29	[あ、い。う！え？]	[お，か．き]
split	11	30	[あ、い。う！え？お，]	[か．き]
split	11	31	[あ、い。う！え？お，]	[か．き]
split	11	32	[あ、い。う！え？お，]	[か．き]
split	11	33	[あ、い。う！え？お，]	[か．き]
split	11	34	[あ、い。う！え？お，]	[か．き]
split	11	35	[あ、い。う！え？お，]	[か．き]
split	11	36	[あ、い。う！え？お，か．]	[き]
split	11	37	[あ、い。う！え？お，か．]	[き]
split	11	38	[あ、い。う！え？お，か．]	[き]
split	11	39	[あ、い。う！え？お，か．]	[き]
split	11	40	[あ、い。う！え？お，か．き]	[]
split	11	41	[あ、い。う！え？お，か．き]	[]
split	12	0	[]	[xxxxxxxxxxxxxxxxxxxxxxxx漢字xxxxxxxxxxxxxxxxxxxx]
split	12	1	[]	[xxxxxxxxxxxxxxxxxxxxxxxx漢字xxxxxxxxxxxxxxxxxxxx]
split	12	2	[]	[xxxxxxxxxxxxxxxxxxxxxxxx漢字xxxxxxxxxxxxxxxxxxxx]
split	12	3	[]	[xxxxxxxxxxxxxxxxxxxxxxxx漢字xxxxxxxxxxxxxxxxxxxx]
split	12	4	[]	[xxxxxxxxxxxxxxxxxxxxxxxx漢字xxxxxxxxxxxxxxxxxxxx]
split	12	5	[]	[xxxxxxxxxxxxxxxxxxxxxxxx漢字xxxxxxxxxxxxxxxxxxxx]
split	12	6	[]	[xxxxxxxxxxxxxxxxxxxxxxxx漢字xxxxxxxxxxxxxxxxxxxx]
split	12	7	[]	[xxxxxxxxxxxxxxxxxxxxxxxx漢字xxxxxxxxxxxxxxxxxxxx]
split	12	8	[]	[xxxxxxxxxxxxxxxxxxxxxxxx漢字xxxxxxxxxxxxxxxxxxxx]
split	12	9	[]	[xxxxxxxxxxxxxxxxxxxxxxxx漢字xxxxxxxxxxxxxxxxxxxx]
split	12	10	[]	[xxxxxxxxxxxxxxxxxxxxxxxx漢字xxxxxxxxxxxxxxxxxxxx]
split	12	11	[]	[xxxxxxxxxxxxxxxxxxxxxxxx漢字xxxxxxxxxxxxxxxxxxxx]
split	12	12	[]	[xxxxxxxxxxxxxxxxxxxxxxxx漢字xxxxxxxxxxxxxxxxxxxx]
split	12	13	[]	[xxxxxxxxxxxxxxxxxxxxxxxx漢字xxxxxxxxxxxxxxxxxxxx]
split	12	14	[]	[xxxxxxxxxxxxxxxxxxxxxxxx漢字xxxxxxxxxxxxxxxxxxxx]
split	12	15	[]	[xxxxxxxxxxxxxxxxxxxxxxxx漢字xxxxxxxxxxxxxxxxxxxx]
split	12	16	[]	[xxxxxxxxxxxxxxxxxxxxxxxx漢字xxxxxxxxxxxxxxxxxxxx]
split	12	17	[]	[xxxxxxxxxxxxxxxxxxxxxxxx漢字xxxxxxxxxxxxxxxxxxxx]
split	12	18	[]	[xxxxxxxxxxxxxxxxxxxxxxxx漢字xxxxxxxxxxxxxxxxxxxx]
split	12	19	[]	[xxxxxxxxxxxxxxxxxxxxxxxx漢字xxxxxxxxxxxxxxxxxxxx]
split	12	20	[]	[xxxxxxxxxxxxxxxxxxxxxxxx漢字xxxxxxxxxxxxxxxxxxxx]
split	12	21	[x]	[xxxxxxxxxxxxxxxxxxxxxxx漢字xxxxxxxxxxxxxxxxxxxx]
split	12	22	[xx]	[xxxxxxxxxxxxxxxxxxxxxx漢字xxxxxxxxxxxxxxxxxxxx]
split	12	23	[xxx]	[xxxxxxxxxxxxxxxxxxxxx漢字xxxxxxxxxxxxxxxxxxxx]
split	12	24	[xxxxxxxxxxxxxxxxxxxxxxxx]	[漢字xxxxxxxxxxxxxxxxxxxx]
split	12	25	[xxxxxxxxxxxxxxxxxxxxxxxx]	[漢字xxxxxxxxxxxxxxxxxxxx]
split	12	26	[xxxxxxxxxxxxxxxxxxxxxxxx]	[漢字xxxxxxxxxxxxxxxxxxxx]
split	12	27	[xxxxxxxxxxxxxxxxxxxxxxxx漢]	[字xxxxxxxxxxxxxxxxxxxx]
split	12	28	[xxxxxxxxxxxxxxxxxxxxxxxx漢]	[字xxxxxxxxxxxxxxxxxxxx]
split	12	29	[xxxxxxxxxxxxxxxxxxxxxxxx漢]	[字xxxxxxxxxxxxxxxxxxxx]
split	12	30	[xxxxxxxxxxxxxxxxxxxxxxxx漢]	[字xxxxxxxxxxxxxxxxxxxx]
split	12	31	[xxxxxxxxxxxxxxxxxxxxxxxx漢]	[字xxxxxxxxxxxxxxxxxxxx]
split	12	32	[xxxxxxxxxxxxxxxxxxxxxxxx漢]	[字xxxxxxxxxxxxxxxxxxxx]
split	12	33	[xxxxxxxxxxxxxxxxxxxxxxxx漢]	[字xxxxxxxxxxxxxxxxxxxx]
split	12	34	[xxxxxxxxxxxxxxxxxxxxxxxx漢]	[字xxxxxxxxxxxxxxxxxxxx]
split	12	35	[xxxxxxxxxxxxxxxxxxxxxxxx漢]	[字xxxxxxxxxxxxxxxxxxxx]
split	12	36	[xxxxxxxxxxxxxxxxxxxxxxxx漢]	[字xxxxxxxxxxxxxxxxxxxx]
split	12	37	[xxxxxxxxxxxxxxxxxxxxxxxx漢]	[字xxxxxxxxxxxxxxxxxxxx]
split	12	38	[xxxxxxxxxxxxxxxxxxxxxxxx漢]	[字xxxxxxxxxxxxxxxxxxxx]
split	12	39	[xxxxxxxxxxxxxxxxxxxxxxxx漢]	[字xxxxxxxxxxxxxxxxxxxx]
split	12	40	[xxxxxxxxxxxxxxxxxxxxxxxx漢]	[字xxxxxxxxxxxxxxxxxxxx]
split	12	41	[xxxxxxxxxxxxxxxxxxxxxxxx漢]	[字xxxxxxxxxxxxxxxxxxxx]
split	12	42	[xxxxxxxxxxxxxxxxxxxxxxxx漢]	[字xxxxxxxxxxxxxxxxxxxx]
split	12	43	[xxxxxxxxxxxxxxxxxxxxxxxx漢]	[字xxxxxxxxxxxxxxxxxxxx]
split	12	44	[xxxxxxxxxxxxxxxxxxxxxxxx漢]	[字xxxxxxxxxxxxxxxxxxxx]
split	12	45	[xxxxxxxxxxxxxxxxxxxxxxxx漢]	[字xxxxxxxxxxxxxxxxxxxx]
split	12	46	[xxxxxxxxxxxxxxxxxxxxxxxx漢]	[字xxxxxxxxxxxxxxxxxxxx]
split	12	47	[xxxxxxxxxxxxxxxxxxxxxxxx漢]	[字xxxxxxxxxxxxxxxxxxxx]
split	12	48	[xxxxxxxxxxxxxxxxxxxxxxxx漢]	[字xxxxxxxxxxxxxxxxxxxx]
split	12	49	[xxxxxxxxxxxxxxxxxxxxxxxx漢]	[字xxxxxxxxxxxxxxxxxxxx]
split	12	50	[xxxxxxxxxxxxxxxxxxxxxxxx漢字]	[xxxxxxxxxxxxxxxxxxxx]
split	12	51	[xxxxxxxxxxxxxxxxxxxxxxxx漢字xxxxxxxxxxxxxxxxxxxx]	[]
split	12	52	[xxxxxxxxxxxxxxxxxxxxxxxx漢字xxxxxxxxxxxxxxxxxxxx]	[]
split	13	0	[]	[[a](b){c}［あ］（い）｛う｝]
split	13	1	[]	[[a](b){c}［あ］（い）｛う｝]
split	13	2	[]	[[a](b){c}［あ］（い）｛う｝]
split	13	3	[]	[[a](b){c}［あ］（い）｛う｝]
split	13	4	[]	[[a](b){c}［あ］（い）｛う｝]
split	13	5	[]	[[a](b){c}［あ］（い）｛う｝]
split	13	6	[]	[[a](b){c}［あ］（い）｛う｝]
split	13	7	[]	[[a](b){c}［あ］（い）｛う｝]
split	13	8	[]	[[a](b){c}［あ］（い）｛う｝]
split	13	9	[[a](b){c}]	[［あ］（い）｛う｝]
split	13	10	[[a](b){c}]	[［あ］（い）｛う｝]
split	13	11	[[a](b){c}]	[［あ］（い）｛う｝]
split	13	12	[[a](b){c}［]	[あ］（い）｛う｝]
split	13	13	[[a](b){c}［]	[あ］（い）｛う｝]
split	13	14	[[a](b){c}［]	[あ］（い）｛う｝]
split	13	15	[[a](b){c}［あ]	[］（い）｛う｝]
split	13	16	[[a](b){c}［あ]	[］（い）｛う｝]
split	13	17	[[a](b){c}［あ]	[］（い）｛う｝]
split	13	18	[[a](b){c}［あ］]	[（い）｛う｝]
split	13	19	[[a](b){c}［あ］]	[（い）｛う｝]
split	13	20	[[a](b){c}［あ］]	[（い）｛う｝]
split	13	21	[[a](b){c}［あ］（]	[い）｛う｝]
split	13	22	[[a](b){c}［あ］（]	[い）｛う｝]
split	13	23	[[a](b){c}［あ］（]	[い）｛う｝]
split	13	24	[[a](b){c}［あ］（い]	[）｛う｝]
split	13	25	[[a](b){c}［あ］（い]	[）｛う｝]
split	13	26	[[a](b){c}［あ］（い]	[）｛う｝]
split	13	27	[[a](b){c}［あ］（い）]	[｛う｝]
split	13	28	[[a](b){c}［あ］（い）]	[｛う｝]
split	13	29	[[a](b){c}［あ］（い）]	[｛う｝]
split	13	30	[[a](b){c}［あ］（い）｛]	[う｝]
split	13	31	[[a](b){c}［あ］（い）｛]	[う｝]
split	13	32	[[a](b){c}［あ］（い）｛]	[う｝]
split	13	33	[[a](b){c}［あ］（い）｛う]	[｝]
split	13	34	[[a](b){c}［あ］（い）｛う]	[｝]
split	13	35	[[a](b){c}［あ］（い）｛う]	[｝]
split	13	36	[[a](b){c}［あ］（い）｛う｝]	[]
split	13	37	[[a](b){c}［あ］（い）｛う｝]	[]
split	13	38	[[a](b){c}［あ］（い）｛う｝]	[]
split	14	0	[]	[　全角空白ではじまる行　のあいだ]
split	14	1	[　]	[全角空白ではじまる行　のあいだ]
split	14	2	[　]	[全角空白ではじまる行　のあいだ]
split	14	3	[　]	[全角空白ではじまる行　のあいだ]
split	14	4	[　]	[全角空白ではじまる行　のあいだ]
split	14	5	[　]	[全角空白ではじまる行　のあいだ]
split	14	6	[　全]	[角空白ではじまる行　のあいだ]
split	14	7	[　]	[全角空白ではじまる行　のあいだ]
split	14	8	[　]	[全角空白ではじまる行　のあいだ]
split	14	9	[　全角]	[空白ではじまる行　のあいだ]
split	14	10	[　]	[全角空白ではじまる行　のあいだ]
split	14	11	[　]	[全角空白ではじまる行　のあいだ]
split	14	12	[　全角空]	[白ではじまる行　のあいだ]
split	14	13	[　]	[全角空白ではじまる行　のあいだ]
split	14	14	[　]	[全角空白ではじまる行　のあいだ]
split	14	15	[　全角空白]	[ではじまる行　のあいだ]
split	14	16	[　]	[全角空白ではじまる行　のあいだ]
split	14	17	[　]	[全角空白ではじまる行　のあいだ]
split	14	18	[　全角空白で]	[はじまる行　のあいだ]
split	14	19	[　]	[全角空白ではじまる行　のあいだ]
split	14	20	[　]	[全角空白ではじまる行　のあいだ]
split	14	21	[　全角空白では]	[じまる行　のあいだ]
split	14	22	[　全角空白では]	[じまる行　のあいだ]
split	14	23	[　全角空白では]	[じまる行　のあいだ]
split	14	24	[　全角空白ではじ]	[まる行　のあいだ]
split	14	25	[　全角空白ではじ]	[まる行　のあいだ]
split	14	26	[　全角空白ではじ]	[まる行　のあいだ]
split	14	27	[　全角空白ではじま]	[る行　のあいだ]
split	14	28	[　全角空白ではじま]	[る行　のあいだ]
split	14	29	[　全角空白ではじま]	[る行　のあいだ]
split	14	30	[　全角空白ではじまる]	[行　のあいだ]
split	14	31	[　全角空白ではじまる]	[行　のあいだ]
split	14	32	[　全角空白ではじまる]	[行　のあいだ]
split	14	33	[　全角空白ではじまる行　]	[のあいだ]
split	14	34	[　全角空白ではじまる行　]	[のあいだ]
split	14	35	[　全角空白ではじまる行　]	[のあいだ]
split	14	36	[　全角空白ではじまる行　]	[のあいだ]
split	14	37	[　全角空白ではじまる行　]	[のあいだ]
split	14	38	[　全角空白ではじまる行　]	[のあいだ]
split	14	39	[　全角空白ではじまる行　]	[のあいだ]
split	14	40	[　全角空白ではじまる行　]	[のあいだ]
split	14	41	[　全角空白ではじまる行　]	[のあいだ]
split	14	42	[　全角空白ではじまる行　]	[のあいだ]
split	14	43	[　全角空白ではじまる行　]	[のあいだ]
split	14	44	[　全角空白ではじまる行　]	[のあいだ]
split	14	45	[　全角空白ではじまる行　]	[のあいだ]
split	14	46	[　全角空白ではじまる行　]	[のあいだ]
split	14	47	[　全角空白ではじまる行　]	[のあいだ]
split	14	48	[　全角空白ではじまる行　]	[のあいだ]
split	14	49	[　全角空白ではじまる行　のあいだ]	[]
split	14	50	[　全角空白ではじまる行　のあいだ]	[]
split	15	0	[]	[ab　cd漢字ef　gh]
split	15	1	[]	[ab　cd漢字ef　gh]
split	15	2	[ab　]	[cd漢字ef　gh]
split	15	3	[ab　]	[cd漢字ef　gh]
split	15	4	[ab　]	[cd漢字ef　gh]
split	15	5	[ab　]	[cd漢字ef　gh]
split	15	6	[ab　]	[cd漢字ef　gh]
split	15	7	[ab　]	[cd漢字ef　gh]
split	15	8	[ab　]	[cd漢字ef　gh]
split	15	9	[ab　]	[cd漢字ef　gh]
split	15	10	[ab　]	[cd漢字ef　gh]
split	15	11	[ab　]	[cd漢字ef　gh]
split	15	12	[ab　]	[cd漢字ef　gh]
split	15	13	[ab　]	[cd漢字ef　gh]
split	15	14	[ab　]	[cd漢字ef　gh]
split	15	15	[ab　cd漢字ef　]	[gh]
split	15	16	[ab　cd漢字ef　]	[gh]
split	15	17	[ab　cd漢字ef　]	[gh]
split	15	18	[ab　cd漢字ef　]	[gh]
split	15	19	[ab　cd漢字ef　]	[gh]
split	15	20	[ab　cd漢字ef　]	[gh]
split	15	21	[ab　cd漢字ef　gh]	[]
split	15	22	[ab　cd漢字ef　gh]	[]
rndm	0	0	[喚]
rndm	0	1	[慣]
rndm	0	2	[諌]
rndm	0	3	[還]
rndm	1	0	[ぺ]
rndm	1	1	[み]
rndm	1	2	[ぱ]
rndm	1	3	[ぢ]
rndm	2	0	[ヂ]
rndm	2	1	[イ]
rndm	2	2	[ブ]
rndm	2	3	[リ]
rndm	3	0	[Ｔ]
rndm	3	1	[Ｕ]
rndm	3	2	[Ｕ]
rndm	3	3	[Ｍ]
rndm	4	0	[７]
rndm	4	1	[６]
rndm	4	2	[８]
rndm	4	3	[７]
rndm	5	0	[Π]
rndm	5	1	[Ρ]
rndm	5	2	[Ρ]
rndm	5	3	[Θ]
rndm	6	0	[О]
rndm	6	1	[И]
rndm	6	2	[Н]
rndm	6	3	[В]
rndm	7	0	[婁]
rndm	7	1	[老]
rndm	7	2	[枠]
rndm	7	3	[藁]
rndm	8	0	[堯]
rndm	8	1	[遙]
rndm	8	2	[遙]
rndm	8	3	[遙]
rndm	9	0	[＝]
rndm	9	1	[≦]
rndm	9	2	[（]
rndm	9	3	[！]
rndm	10	0	[ｓ]
rndm	10	1	[ｄ]
rndm	10	2	[ａ]
rndm	10	3	[ｌ]
rndm	11	0	[》]
rndm	11	1	[¢]
rndm	11	2	[ゝ]
rndm	11	3	[＠]
numeral	0	1	3
counter	0	0
numeral	1	2	3
counter	1	0
numeral	2	3	3
counter	2	0
numeral	3	4	3
counter	3	0
numeral	4	5	3
counter	4	0
numeral	5	6	3
counter	5	0
numeral	6	7	3
counter	6	0
numeral	7	8	3
counter	7	0
numeral	8	9	3
counter	8	0
numeral	9	10	3
counter	9	0
numeral	10	1	3
counter	10	0
numeral	11	3	3
counter	11	0
numeral	12	5	3
counter	12	0
numeral	13	7	3
counter	13	0
numeral	14	9	3
counter	14	0
numeral	15	10	3
counter	15	0
numeral	16	2	3
counter	16	0
numeral	17	0	-1
counter	17	6
numeral	18	0	-1
counter	18	6
numeral	19	0	-1
counter	19	6
numeral	20	0	-1
counter	20	6
numeral	21	0	-1
counter	21	6
numeral	22	0	-1
counter	22	6
numeral	23	0	-1
counter	23	3
numeral	24	0	-1
counter	24	0
numeral	25	0	-1
counter	25	0
numeral	26	0	-1
counter	26	0
numeral	27	0	-1
counter	27	0
numeral	28	0	-1
counter	28	0
numeral	29	1	3
counter	29	0
